<!doctype html public "-//w3c//dtd html 4.0 transitional//en">
<html><head>
<title>Static Call Graph - [.\Objects\band.axf]</title></head>
<body><HR>
<H1>Static Call Graph for image .\Objects\band.axf</H1><HR>
<BR><P>#&#060CALLGRAPH&#062# ARM Linker, 5050106: Last Updated: Thu Jul 13 13:07:56 2023
<BR><P>
<H3>Maximum Stack Usage =        672 bytes + Unknown(Cycles, Untraceable Function Pointers)</H3><H3>
Call chain for Maximum Stack Depth:</H3>
app_gap_evt_cb &rArr; gatt_discovery_peer_svc &rArr; gatt_check_peer_svc &rArr; log_printf &rArr; __2printf
<P>
<H3>
Mutually Recursive functions
</H3> <LI><a href="#[2a1]">gapm_addr_renew_next_addr</a>&nbsp;&nbsp;&nbsp;&rArr;&nbsp;&nbsp;&nbsp;<a href="#[2a0]">gapm_addr_fsm</a><BR>
 <LI><a href="#[38e]">smpc_tkdp_send_start</a>&nbsp;&nbsp;&nbsp;&rArr;&nbsp;&nbsp;&nbsp;<a href="#[391]">smpc_tkdp_send_continue</a><BR>
</UL>
<P>
<H3>
Function Pointers
</H3><UL>
 <LI><a href="#[4]">ANCS_gatt_msg_handler</a> from ancs_client.o(i.ANCS_gatt_msg_handler) referenced from ancs_client.o(i.ANCS_gatt_add_client)
 <LI><a href="#[128]">BusFault_Handler</a> from boot_vectors.o(.text) referenced from boot_vectors.o(RESET)
 <LI><a href="#[12b]">DebugMon_Handler</a> from boot_vectors.o(.text) referenced from boot_vectors.o(RESET)
 <LI><a href="#[126]">HardFault_Handler</a> from boot_vectors.o(.text) referenced from boot_vectors.o(RESET)
 <LI><a href="#[127]">MemManage_Handler</a> from boot_vectors.o(.text) referenced from boot_vectors.o(RESET)
 <LI><a href="#[125]">NMI_Handler</a> from boot_vectors.o(.text) referenced from boot_vectors.o(RESET)
 <LI><a href="#[12c]">PendSV_Handler</a> from boot_vectors.o(.text) referenced from boot_vectors.o(RESET)
 <LI><a href="#[124]">Reset_Handler</a> from syscall.txt(ABSOLUTE) referenced from boot_vectors.o(RESET)
 <LI><a href="#[12a]">SVC_Handler</a> from boot_vectors.o(.text) referenced from boot_vectors.o(RESET)
 <LI><a href="#[12d]">SysTick_Handler</a> from boot_vectors.o(.text) referenced from boot_vectors.o(RESET)
 <LI><a href="#[129]">UsageFault_Handler</a> from boot_vectors.o(.text) referenced from boot_vectors.o(RESET)
 <LI><a href="#[2c]">_write_uart0</a> from sys_utisl.o(i._write_uart0) referenced from sys_utisl.o(.data)
 <LI><a href="#[2c]">_write_uart0</a> from sys_utisl.o(i._write_uart0) referenced from co_log.o(i.log_init)
 <LI><a href="#[2f]">app_gap_evt_cb</a> from ble_simple_peripheral.o(i.app_gap_evt_cb) referenced from ble_simple_peripheral.o(i.simple_peripheral_init)
 <LI><a href="#[3c]">app_get_current_rssi_rsp</a> from app_task.o(i.app_get_current_rssi_rsp) referenced from app_task.o(.constdata)
 <LI><a href="#[146]">app_main</a> from entry.o(i.app_main) referenced from jump_table_host.o(jump_table_2)
 <LI><a href="#[47]">app_sec_msg_dflt_handler</a> from app_sec.o(i.app_sec_msg_dflt_handler) referenced from app_sec.o(.constdata)
 <LI><a href="#[12]">appm_adv_recv_gapm_cmp</a> from app.o(i.appm_adv_recv_gapm_cmp) referenced from app.o(i.appm_delete_act)
 <LI><a href="#[12]">appm_adv_recv_gapm_cmp</a> from app.o(i.appm_adv_recv_gapm_cmp) referenced from app.o(i.appm_set_advertising_data)
 <LI><a href="#[12]">appm_adv_recv_gapm_cmp</a> from app.o(i.appm_adv_recv_gapm_cmp) referenced from app.o(i.appm_set_per_adv_data)
 <LI><a href="#[12]">appm_adv_recv_gapm_cmp</a> from app.o(i.appm_adv_recv_gapm_cmp) referenced from app.o(i.appm_set_scan_response_data)
 <LI><a href="#[12]">appm_adv_recv_gapm_cmp</a> from app.o(i.appm_adv_recv_gapm_cmp) referenced from app.o(i.appm_start_advertising)
 <LI><a href="#[12]">appm_adv_recv_gapm_cmp</a> from app.o(i.appm_adv_recv_gapm_cmp) referenced from app.o(i.appm_stop_advertising)
 <LI><a href="#[14]">appm_conn_recv_gapm_cmp</a> from app_conn.o(i.appm_conn_recv_gapm_cmp) referenced from app_conn.o(i.appm_start_conn)
 <LI><a href="#[7]">appm_init_imp</a> from app.o(i.appm_init_imp) referenced from entry.o(i.app_main)
 <LI><a href="#[18]">appm_init_imp_for_hci</a> from app.o(i.appm_init_imp_for_hci) referenced from app.o(i.ble_stack_init)
 <LI><a href="#[33]">appm_msg_handler</a> from app_task.o(i.appm_msg_handler) referenced from app_task.o(.constdata)
 <LI><a href="#[13]">appm_scan_recv_gapm_cmp</a> from app.o(i.appm_scan_recv_gapm_cmp) referenced from app.o(i.appm_delete_act)
 <LI><a href="#[122]">attc_err_rsp_handler</a> from attc.o(i.attc_err_rsp_handler) referenced from attc.o(.constdata)
 <LI><a href="#[118]">attc_exc_mtu_rsp_handler</a> from attc.o(i.attc_exc_mtu_rsp_handler) referenced from attc.o(.constdata)
 <LI><a href="#[121]">attc_exe_wr_rsp_handler</a> from attc.o(i.attc_exe_wr_rsp_handler) referenced from attc.o(.constdata)
 <LI><a href="#[11a]">attc_find_by_type_rsp_handler</a> from attc.o(i.attc_find_by_type_rsp_handler) referenced from attc.o(.constdata)
 <LI><a href="#[119]">attc_find_info_rsp_handler</a> from attc.o(i.attc_find_info_rsp_handler) referenced from attc.o(.constdata)
 <LI><a href="#[123]">attc_hdl_val_ntf_ind_handler</a> from attc.o(i.attc_hdl_val_ntf_ind_handler) referenced 2 times from attc.o(.constdata)
 <LI><a href="#[120]">attc_prep_wr_rsp_handler</a> from attc.o(i.attc_prep_wr_rsp_handler) referenced from attc.o(.constdata)
 <LI><a href="#[11c]">attc_rd_by_grp_type_rsp_handler</a> from attc.o(i.attc_rd_by_grp_type_rsp_handler) referenced from attc.o(.constdata)
 <LI><a href="#[11b]">attc_rd_by_type_rsp_handler</a> from attc.o(i.attc_rd_by_type_rsp_handler) referenced from attc.o(.constdata)
 <LI><a href="#[11e]">attc_rd_mult_rsp_handler</a> from attc.o(i.attc_rd_mult_rsp_handler) referenced from attc.o(.constdata)
 <LI><a href="#[11d]">attc_rd_rsp_handler</a> from attc.o(i.attc_rd_rsp_handler) referenced 2 times from attc.o(.constdata)
 <LI><a href="#[11f]">attc_wr_rsp_handler</a> from attc.o(i.attc_wr_rsp_handler) referenced from attc.o(.constdata)
 <LI><a href="#[c3]">atts_execute_write_req</a> from atts.o(i.atts_execute_write_req) referenced from atts.o(.constdata)
 <LI><a href="#[b9]">atts_find_by_type_req</a> from atts.o(i.atts_find_by_type_req) referenced from atts.o(.constdata)
 <LI><a href="#[b8]">atts_find_info_req</a> from atts.o(i.atts_find_info_req) referenced from atts.o(.constdata)
 <LI><a href="#[b7]">atts_mtu_exc_req</a> from atts.o(i.atts_mtu_exc_req) referenced from atts.o(.constdata)
 <LI><a href="#[c2]">atts_prepare_write_req</a> from atts.o(i.atts_prepare_write_req) referenced from atts.o(.constdata)
 <LI><a href="#[bd]">atts_read_blob_req</a> from atts.o(i.atts_read_blob_req) referenced from atts.o(.constdata)
 <LI><a href="#[bb]">atts_read_by_grp_type_req</a> from atts.o(i.atts_read_by_grp_type_req) referenced from atts.o(.constdata)
 <LI><a href="#[ba]">atts_read_by_type_req</a> from atts.o(i.atts_read_by_type_req) referenced from atts.o(.constdata)
 <LI><a href="#[be]">atts_read_mult_req</a> from atts.o(i.atts_read_mult_req) referenced from atts.o(.constdata)
 <LI><a href="#[bc]">atts_read_req</a> from atts.o(i.atts_read_req) referenced from atts.o(.constdata)
 <LI><a href="#[bf]">atts_write_cmd</a> from atts.o(i.atts_write_cmd) referenced from atts.o(.constdata)
 <LI><a href="#[c0]">atts_write_req</a> from atts.o(i.atts_write_req) referenced from atts.o(.constdata)
 <LI><a href="#[c1]">atts_write_signed</a> from atts.o(i.atts_write_signed) referenced from atts.o(.constdata)
 <LI><a href="#[15]">ble_bond_addr_resolve_cb</a> from user_bond_manage.o(i.ble_bond_addr_resolve_cb) referenced from user_bond_manage.o(i.ble_bond_check)
 <LI><a href="#[16]">ble_bond_get_info</a> from user_bond_manage.o(i.ble_bond_get_info) referenced from user_bond_manage.o(i.ble_bond_init)
 <LI><a href="#[17]">ble_bond_store_info</a> from user_bond_manage.o(i.ble_bond_store_info) referenced from user_bond_manage.o(i.ble_bond_init)
 <LI><a href="#[b]">con_sched_calc_target_patch_ram</a> from patch_lld.o(ram_code) referenced from entry.o(i.app_main)
 <LI><a href="#[12f]">dma_isr</a> from boot_vectors.o(.text) referenced from boot_vectors.o(RESET)
 <LI><a href="#[13a]">exti_isr</a> from boot_vectors.o(.text) referenced from boot_vectors.o(RESET)
 <LI><a href="#[c]">flash_erase_write_protect_imp</a> from entry.o(ram_code) referenced from entry.o(i.app_main)
 <LI><a href="#[5]">fputc</a> from syscall.txt(ABSOLUTE) referenced from printfa.o(i.__0printf)
 <LI><a href="#[5]">fputc</a> from syscall.txt(ABSOLUTE) referenced from printfa.o(i.__0vprintf)
 <LI><a href="#[2b]">fputc_uart0</a> from syscall.txt(ABSOLUTE) referenced from co_log.o(i.log_init)
 <LI><a href="#[60]">gapc_bond_cfm_handler</a> from gapc_task.o(i.gapc_bond_cfm_handler) referenced from gapc_task.o(.constdata)
 <LI><a href="#[5f]">gapc_bond_cmd_handler</a> from gapc_task.o(i.gapc_bond_cmd_handler) referenced from gapc_task.o(.constdata)
 <LI><a href="#[4a]">gapc_bond_ind_handler</a> from app_sec.o(i.gapc_bond_ind_handler) referenced from app_sec.o(.constdata)
 <LI><a href="#[49]">gapc_bond_req_ind_handler</a> from app_sec.o(i.gapc_bond_req_ind_handler) referenced from app_sec.o(.constdata)
 <LI><a href="#[41]">gapc_cmp_evt_handler</a> from app_task.o(i.gapc_cmp_evt_handler) referenced 4 times from app_task.o(.constdata)
 <LI><a href="#[56]">gapc_connection_cfm_handler</a> from gapc_task.o(i.gapc_connection_cfm_handler) referenced from gapc_task.o(.constdata)
 <LI><a href="#[3f]">gapc_connection_req_ind_handler</a> from app_task.o(i.gapc_connection_req_ind_handler) referenced from app_task.o(.constdata)
 <LI><a href="#[54]">gapc_default_msg_handler</a> from gapc_task.o(i.gapc_default_msg_handler) referenced from gapc_task.o(.constdata)
 <LI><a href="#[55]">gapc_disconnect_cmd_handler</a> from gapc_task.o(i.gapc_disconnect_cmd_handler) referenced from gapc_task.o(.constdata)
 <LI><a href="#[42]">gapc_disconnect_ind_handler</a> from app_task.o(i.gapc_disconnect_ind_handler) referenced from app_task.o(.constdata)
 <LI><a href="#[62]">gapc_encrypt_cfm_handler</a> from gapc_task.o(i.gapc_encrypt_cfm_handler) referenced from gapc_task.o(.constdata)
 <LI><a href="#[61]">gapc_encrypt_cmd_handler</a> from gapc_task.o(i.gapc_encrypt_cmd_handler) referenced from gapc_task.o(.constdata)
 <LI><a href="#[4c]">gapc_encrypt_ind_handler</a> from app_sec.o(i.gapc_encrypt_ind_handler) referenced from app_sec.o(.constdata)
 <LI><a href="#[4b]">gapc_encrypt_req_ind_handler</a> from app_sec.o(i.gapc_encrypt_req_ind_handler) referenced from app_sec.o(.constdata)
 <LI><a href="#[6b]">gapc_gen_dh_key_ind_handler</a> from gapc_task.o(i.gapc_gen_dh_key_ind_handler) referenced from gapc_task.o(.constdata)
 <LI><a href="#[6]">gapc_get_conidx_imp</a> from gapc.o(i.gapc_get_conidx_imp) referenced from entry.o(i.app_main)
 <LI><a href="#[70]">gapc_get_dev_info_cfm_handler</a> from gapc_task.o(i.gapc_get_dev_info_cfm_handler) referenced from gapc_task.o(.constdata)
 <LI><a href="#[3d]">gapc_get_dev_info_req_ind_handler</a> from app_task.o(i.gapc_get_dev_info_req_ind_handler) referenced from app_task.o(.constdata)
 <LI><a href="#[57]">gapc_get_info_cmd_handler</a> from gapc_task.o(i.gapc_get_info_cmd_handler) referenced from gapc_task.o(.constdata)
 <LI><a href="#[72]">gapc_hci_handler</a> from gapc_hci.o(i.gapc_hci_handler) referenced 4 times from gapc_task.o(.constdata)
 <LI><a href="#[6c]">gapc_key_press_notification_cmd_handler</a> from gapc_task.o(i.gapc_key_press_notification_cmd_handler) referenced from gapc_task.o(.constdata)
 <LI><a href="#[5b]">gapc_param_update_cfm_handler</a> from gapc_task.o(i.gapc_param_update_cfm_handler) referenced from gapc_task.o(.constdata)
 <LI><a href="#[5a]">gapc_param_update_cmd_handler</a> from gapc_task.o(i.gapc_param_update_cmd_handler) referenced from gapc_task.o(.constdata)
 <LI><a href="#[40]">gapc_param_update_req_ind_handler</a> from app_task.o(i.gapc_param_update_req_ind_handler) referenced from app_task.o(.constdata)
 <LI><a href="#[a5]">gapc_peer_att_info_ind_handler</a> from gapm_init.o(i.gapc_peer_att_info_ind_handler) referenced from gapm_task.o(.constdata)
 <LI><a href="#[44]">gapc_peer_features_ind_handler</a> from app_task.o(i.gapc_peer_features_ind_handler) referenced from app_task.o(.constdata)
 <LI><a href="#[43]">gapc_peer_ver_ind_handler</a> from app_task.o(i.gapc_peer_ver_ind_handler) referenced from app_task.o(.constdata)
 <LI><a href="#[63]">gapc_security_cmd_handler</a> from gapc_task.o(i.gapc_security_cmd_handler) referenced from gapc_task.o(.constdata)
 <LI><a href="#[48]">gapc_security_ind_handler</a> from app_sec.o(i.gapc_security_ind_handler) referenced from app_sec.o(.constdata)
 <LI><a href="#[71]">gapc_set_dev_info_cfm_handler</a> from gapc_task.o(i.gapc_set_dev_info_cfm_handler) referenced from gapc_task.o(.constdata)
 <LI><a href="#[3e]">gapc_set_dev_info_req_ind_handler</a> from app_task.o(i.gapc_set_dev_info_req_ind_handler) referenced from app_task.o(.constdata)
 <LI><a href="#[73]">gapc_set_le_ping_to_handler</a> from gapc_task.o(i.gapc_set_le_ping_to_handler) referenced from gapc_task.o(.constdata)
 <LI><a href="#[74]">gapc_set_le_pkt_size_handler</a> from gapc_task.o(i.gapc_set_le_pkt_size_handler) referenced from gapc_task.o(.constdata)
 <LI><a href="#[75]">gapc_set_phy_cmd_handler</a> from gapc_task.o(i.gapc_set_phy_cmd_handler) referenced from gapc_task.o(.constdata)
 <LI><a href="#[5e]">gapc_set_pref_slave_latency_cmd_handler</a> from gapc_task.o(i.gapc_set_pref_slave_latency_cmd_handler) referenced from gapc_task.o(.constdata)
 <LI><a href="#[64]">gapc_sign_cmd_handler</a> from gapc_task.o(i.gapc_sign_cmd_handler) referenced from gapc_task.o(.constdata)
 <LI><a href="#[db]">gapc_sign_ind_handler</a> from gattc_task.o(i.gapc_sign_ind_handler) referenced from gattc_task.o(.constdata)
 <LI><a href="#[6a]">gapc_smp_rep_attempts_timer_handler</a> from gapc_task.o(i.gapc_smp_rep_attempts_timer_handler) referenced from gapc_task.o(.constdata)
 <LI><a href="#[69]">gapc_smp_timeout_timer_ind_handler</a> from gapc_task.o(i.gapc_smp_timeout_timer_ind_handler) referenced from gapc_task.o(.constdata)
 <LI><a href="#[5d]">gapc_update_conn_param_to_ind_handler</a> from gapc_task.o(i.gapc_update_conn_param_to_ind_handler) referenced from gapc_task.o(.constdata)
 <LI><a href="#[a6]">gapm_activity_create_cmd_handler</a> from gapm_actv.o(i.gapm_activity_create_cmd_handler) referenced from gapm_task.o(.constdata)
 <LI><a href="#[35]">gapm_activity_created_ind_handler</a> from app_task.o(i.gapm_activity_created_ind_handler) referenced from app_task.o(.constdata)
 <LI><a href="#[a9]">gapm_activity_delete_cmd_handler</a> from gapm_actv.o(i.gapm_activity_delete_cmd_handler) referenced from gapm_task.o(.constdata)
 <LI><a href="#[a7]">gapm_activity_start_cmd_handler</a> from gapm_actv.o(i.gapm_activity_start_cmd_handler) referenced from gapm_task.o(.constdata)
 <LI><a href="#[a8]">gapm_activity_stop_cmd_handler</a> from gapm_actv.o(i.gapm_activity_stop_cmd_handler) referenced from gapm_task.o(.constdata)
 <LI><a href="#[36]">gapm_activity_stopped_ind_handler</a> from app_task.o(i.gapm_activity_stopped_ind_handler) referenced from app_task.o(.constdata)
 <LI><a href="#[ac]">gapm_addr_renew_cmd_handler</a> from gapm_addr.o(i.gapm_addr_renew_cmd_handler) referenced from gapm_task.o(.constdata)
 <LI><a href="#[ad]">gapm_addr_renew_to_ind_handler</a> from gapm_addr.o(i.gapm_addr_renew_to_ind_handler) referenced from gapm_task.o(.constdata)
 <LI><a href="#[3b]">gapm_addr_solved_ind_handler</a> from app_task.o(i.gapm_addr_solved_ind_handler) referenced from app_task.o(.constdata)
 <LI><a href="#[1c]">gapm_adv_delete</a> from gapm_adv.o(i.gapm_adv_delete) referenced from gapm_adv.o(i.gapm_adv_create)
 <LI><a href="#[1a]">gapm_adv_start</a> from gapm_adv.o(i.gapm_adv_start) referenced from gapm_adv.o(i.gapm_adv_create)
 <LI><a href="#[1b]">gapm_adv_stop</a> from gapm_adv.o(i.gapm_adv_stop) referenced from gapm_adv.o(i.gapm_adv_create)
 <LI><a href="#[ab]">gapm_auto_conn_to_ind_handler</a> from gapm_init.o(i.gapm_auto_conn_to_ind_handler) referenced from gapm_task.o(.constdata)
 <LI><a href="#[37]">gapm_cmp_evt_handler</a> from app_task.o(i.gapm_cmp_evt_handler) referenced 3 times from app_task.o(.constdata)
 <LI><a href="#[9a]">gapm_default_msg_handler</a> from gapm_task.o(i.gapm_default_msg_handler) referenced from gapm_task.o(.constdata)
 <LI><a href="#[ae]">gapm_dev_bdaddr_ind_handler</a> from gapm_addr.o(i.gapm_dev_bdaddr_ind_handler) referenced from gapm_task.o(.constdata)
 <LI><a href="#[45]">gapm_enc_block_ind_handler</a> from app_task.o(i.gapm_enc_block_ind_handler) referenced from app_task.o(.constdata)
 <LI><a href="#[39]">gapm_ext_adv_report_ind_handler</a> from app_task.o(i.gapm_ext_adv_report_ind_handler) referenced from app_task.o(.constdata)
 <LI><a href="#[a2]">gapm_gen_dh_key_cmd_handler</a> from gapm_smp.o(i.gapm_gen_dh_key_cmd_handler) referenced from gapm_task.o(.constdata)
 <LI><a href="#[a0]">gapm_gen_rand_addr_cmd_handler</a> from gapm_smp.o(i.gapm_gen_rand_addr_cmd_handler) referenced from gapm_task.o(.constdata)
 <LI><a href="#[38]">gapm_gen_rand_nb_ind_handler</a> from app_task.o(i.gapm_gen_rand_nb_ind_handler) referenced 2 times from app_task.o(.constdata)
 <LI><a href="#[9e]">gapm_get_dev_info_cmd_handler</a> from gapm_cfg.o(i.gapm_get_dev_info_cmd_handler) referenced from gapm_task.o(.constdata)
 <LI><a href="#[a3]">gapm_get_pub_key_cmd_handler</a> from gapm_smp.o(i.gapm_get_pub_key_cmd_handler) referenced from gapm_task.o(.constdata)
 <LI><a href="#[b1]">gapm_get_ral_addr_cmd_handler</a> from gapm_list.o(i.gapm_get_ral_addr_cmd_handler) referenced from gapm_task.o(.constdata)
 <LI><a href="#[b5]">gapm_hci_handler</a> from gapm_task.o(i.gapm_hci_handler) referenced 3 times from gapm_task.o(.constdata)
 <LI><a href="#[1f]">gapm_init_delete</a> from gapm_init.o(i.gapm_init_delete) referenced from gapm_init.o(i.gapm_init_create)
 <LI><a href="#[1d]">gapm_init_start</a> from gapm_init.o(i.gapm_init_start) referenced from gapm_init.o(i.gapm_init_create)
 <LI><a href="#[1e]">gapm_init_stop</a> from gapm_init.o(i.gapm_init_stop) referenced from gapm_init.o(i.gapm_init_create)
 <LI><a href="#[b2]">gapm_list_rmv_cmd_handle</a> from gapm_list.o(i.gapm_list_rmv_cmd_handle) referenced from gapm_task.o(.constdata)
 <LI><a href="#[b0]">gapm_list_set_cmd_handler</a> from gapm_list.o(i.gapm_list_set_cmd_handler) referenced from gapm_task.o(.constdata)
 <LI><a href="#[22]">gapm_per_sync_delete</a> from gapm_per_sync.o(i.gapm_per_sync_delete) referenced from gapm_per_sync.o(i.gapm_per_sync_create)
 <LI><a href="#[20]">gapm_per_sync_start</a> from gapm_per_sync.o(i.gapm_per_sync_start) referenced from gapm_per_sync.o(i.gapm_per_sync_create)
 <LI><a href="#[21]">gapm_per_sync_stop</a> from gapm_per_sync.o(i.gapm_per_sync_stop) referenced from gapm_per_sync.o(i.gapm_per_sync_create)
 <LI><a href="#[34]">gapm_profile_added_ind_handler</a> from app_task.o(i.gapm_profile_added_ind_handler) referenced from app_task.o(.constdata)
 <LI><a href="#[b3]">gapm_profile_task_add_cmd_handler</a> from gapm_cfg.o(i.gapm_profile_task_add_cmd_handler) referenced from gapm_task.o(.constdata)
 <LI><a href="#[9b]">gapm_reset_cmd_handler</a> from gapm_cfg.o(i.gapm_reset_cmd_handler) referenced from gapm_task.o(.constdata)
 <LI><a href="#[9f]">gapm_resolv_addr_cmd_handler</a> from gapm_smp.o(i.gapm_resolv_addr_cmd_handler) referenced from gapm_task.o(.constdata)
 <LI><a href="#[25]">gapm_scan_delete</a> from gapm_scan.o(i.gapm_scan_delete) referenced from gapm_scan.o(i.gapm_scan_create)
 <LI><a href="#[23]">gapm_scan_start</a> from gapm_scan.o(i.gapm_scan_start) referenced from gapm_scan.o(i.gapm_scan_create)
 <LI><a href="#[24]">gapm_scan_stop</a> from gapm_scan.o(i.gapm_scan_stop) referenced from gapm_scan.o(i.gapm_scan_create)
 <LI><a href="#[aa]">gapm_set_adv_data_cmd_handler</a> from gapm_adv.o(i.gapm_set_adv_data_cmd_handler) referenced from gapm_task.o(.constdata)
 <LI><a href="#[9d]">gapm_set_channel_map_cmd_handler</a> from gapm_cfg.o(i.gapm_set_channel_map_cmd_handler) referenced from gapm_task.o(.constdata)
 <LI><a href="#[9c]">gapm_set_dev_config_cmd_handler</a> from gapm_cfg.o(i.gapm_set_dev_config_cmd_handler) referenced from gapm_task.o(.constdata)
 <LI><a href="#[b6]">gapm_set_irk_cmd_handler</a> from gapm_cfg.o(i.gapm_set_irk_cmd_handler) referenced from gapm_task.o(.constdata)
 <LI><a href="#[26]">gapm_smp_encrypt_rsp</a> from gapm_smp.o(i.gapm_smp_encrypt_rsp) referenced from gapm_smp.o(i.gapm_smp_encrypt_req)
 <LI><a href="#[27]">gapm_smp_rand_rsp</a> from gapm_smp.o(i.gapm_smp_rand_rsp) referenced from gapm_smp.o(i.gapm_smp_rand_req)
 <LI><a href="#[3a]">gapm_sync_established_ind_handler</a> from app_task.o(i.gapm_sync_established_ind_handler) referenced from app_task.o(.constdata)
 <LI><a href="#[b4]">gapm_unknown_task_msg_handler</a> from gapm_task.o(i.gapm_unknown_task_msg_handler) referenced from gapm_task.o(.constdata)
 <LI><a href="#[a1]">gapm_use_enc_block_cmd_handler</a> from gapm_smp.o(i.gapm_use_enc_block_cmd_handler) referenced 2 times from gapm_task.o(.constdata)
 <LI><a href="#[67]">gapm_use_enc_block_ind_handler</a> from gapc_task.o(i.gapm_use_enc_block_ind_handler) referenced from gapc_task.o(.constdata)
 <LI><a href="#[29]">gatt_msg_default_handler</a> from gatt_api.o(i.gatt_msg_default_handler) referenced from gatt_api.o(i.gatt_service_init)
 <LI><a href="#[28]">gatt_servcie_added</a> from gatt_api.o(i.gatt_servcie_added) referenced from gatt_api.o(i.gatt_profile_task_add)
 <LI><a href="#[145]">gatt_service_connection_cleanup</a> from gatt_api.o(i.gatt_service_connection_cleanup) referenced from gatt_api.o(.data)
 <LI><a href="#[144]">gatt_service_connection_created</a> from gatt_api.o(i.gatt_service_connection_created) referenced from gatt_api.o(.data)
 <LI><a href="#[143]">gatt_service_destroy</a> from gatt_api.o(i.gatt_service_destroy) referenced from gatt_api.o(.data)
 <LI><a href="#[142]">gatt_service_init</a> from gatt_api.o(i.gatt_service_init) referenced from gatt_api.o(.data)
 <LI><a href="#[d5]">gattc_att_info_cfm_handler</a> from gattc_task.o(i.gattc_att_info_cfm_handler) referenced from gattc_task.o(.constdata)
 <LI><a href="#[6e]">gattc_att_info_req_ind_handler</a> from gapc_task.o(i.gattc_att_info_req_ind_handler) referenced 2 times from gapc_task.o(.constdata)
 <LI><a href="#[59]">gattc_cmp_evt_handler</a> from gapc_task.o(i.gattc_cmp_evt_handler) referenced 2 times from gapc_task.o(.constdata)
 <LI><a href="#[c4]">gattc_default_msg_handler</a> from gattc_task.o(i.gattc_default_msg_handler) referenced from gattc_task.o(.constdata)
 <LI><a href="#[d2]">gattc_disc_char_desc_ind_handler</a> from gattc_task.o(i.gattc_disc_char_desc_ind_handler) referenced from gattc_task.o(.constdata)
 <LI><a href="#[d1]">gattc_disc_char_ind_handler</a> from gattc_task.o(i.gattc_disc_char_ind_handler) referenced from gattc_task.o(.constdata)
 <LI><a href="#[c6]">gattc_disc_cmd_handler</a> from gattc_task.o(i.gattc_disc_cmd_handler) referenced from gattc_task.o(.constdata)
 <LI><a href="#[d0]">gattc_disc_svc_incl_ind_handler</a> from gattc_task.o(i.gattc_disc_svc_incl_ind_handler) referenced from gattc_task.o(.constdata)
 <LI><a href="#[cf]">gattc_disc_svc_ind_handler</a> from gattc_task.o(i.gattc_disc_svc_ind_handler) referenced from gattc_task.o(.constdata)
 <LI><a href="#[c9]">gattc_event_cfm_handler</a> from gattc_task.o(i.gattc_event_cfm_handler) referenced from gattc_task.o(.constdata)
 <LI><a href="#[46]">gattc_event_ind_handler</a> from app_task.o(i.gattc_event_ind_handler) referenced from app_task.o(.constdata)
 <LI><a href="#[c5]">gattc_exc_mtu_cmd_handler</a> from gattc_task.o(i.gattc_exc_mtu_cmd_handler) referenced from gattc_task.o(.constdata)
 <LI><a href="#[ca]">gattc_execute_write_cmd_handler</a> from gattc_task.o(i.gattc_execute_write_cmd_handler) referenced from gattc_task.o(.constdata)
 <LI><a href="#[d3]">gattc_read_cfm_handler</a> from gattc_task.o(i.gattc_read_cfm_handler) referenced from gattc_task.o(.constdata)
 <LI><a href="#[c7]">gattc_read_cmd_handler</a> from gattc_task.o(i.gattc_read_cmd_handler) referenced from gattc_task.o(.constdata)
 <LI><a href="#[58]">gattc_read_ind_handler</a> from gapc_task.o(i.gattc_read_ind_handler) referenced from gapc_task.o(.constdata)
 <LI><a href="#[6f]">gattc_read_req_ind_handler</a> from gapc_task.o(i.gattc_read_req_ind_handler) referenced 2 times from gapc_task.o(.constdata)
 <LI><a href="#[cb]">gattc_reg_to_peer_evt_cmd_handler</a> from gattc_task.o(i.gattc_reg_to_peer_evt_cmd_handler) referenced from gattc_task.o(.constdata)
 <LI><a href="#[cd]">gattc_sdp_svc_disc_cmd_handler</a> from gattc_task.o(i.gattc_sdp_svc_disc_cmd_handler) referenced from gattc_task.o(.constdata)
 <LI><a href="#[d7]">gattc_send_evt_cmd_handler</a> from gattc_task.o(i.gattc_send_evt_cmd_handler) referenced from gattc_task.o(.constdata)
 <LI><a href="#[d6]">gattc_send_svc_changed_cmd_handler</a> from gattc_task.o(i.gattc_send_svc_changed_cmd_handler) referenced from gattc_task.o(.constdata)
 <LI><a href="#[cc]">gattc_timeout_handler</a> from gattc_task.o(i.gattc_timeout_handler) referenced 2 times from gattc_task.o(.constdata)
 <LI><a href="#[d4]">gattc_write_cfm_handler</a> from gattc_task.o(i.gattc_write_cfm_handler) referenced from gattc_task.o(.constdata)
 <LI><a href="#[c8]">gattc_write_cmd_handler</a> from gattc_task.o(i.gattc_write_cmd_handler) referenced from gattc_task.o(.constdata)
 <LI><a href="#[6d]">gattc_write_req_ind_handler</a> from gapc_task.o(i.gattc_write_req_ind_handler) referenced 2 times from gapc_task.o(.constdata)
 <LI><a href="#[df]">gattm_default_msg_handler</a> from gattm_task.o(i.gattm_default_msg_handler) referenced from gattm_task.o(.constdata)
 <LI><a href="#[52]">hci_acl_data_handler</a> from l2cc_task.o(i.hci_acl_data_handler) referenced from l2cc_task.o(.constdata)
 <LI><a href="#[f6]">hci_auth_payl_to_exp_evt_handler</a> from gapc_hci.o(i.hci_auth_payl_to_exp_evt_handler) referenced from gapc_hci.o(.constdata)
 <LI><a href="#[77]">hci_basic_cmd_cmp_evt_cfg_handler</a> from gapm_cfg.o(i.hci_basic_cmd_cmp_evt_cfg_handler) referenced 9 times from gapm_task.o(.constdata)
 <LI><a href="#[8e]">hci_basic_cmd_cmp_evt_rl_cfg_handler</a> from gapm_cfg.o(i.hci_basic_cmd_cmp_evt_rl_cfg_handler) referenced 2 times from gapm_task.o(.constdata)
 <LI><a href="#[eb]">hci_cmd_stat_event_handler</a> from gapc_hci.o(i.hci_cmd_stat_event_handler) referenced 5 times from gapc_hci.o(.constdata)
 <LI><a href="#[f4]">hci_disc_cmp_evt_handler</a> from gapc_hci.o(i.hci_disc_cmp_evt_handler) referenced from gapc_hci.o(.constdata)
 <LI><a href="#[f7]">hci_enc_chg_evt_handler</a> from gapc_hci.o(i.hci_enc_chg_evt_handler) referenced from gapc_hci.o(.constdata)
 <LI><a href="#[f8]">hci_enc_key_refr_evt_handler</a> from gapc_hci.o(i.hci_enc_key_refr_evt_handler) referenced from gapc_hci.o(.constdata)
 <LI><a href="#[98]">hci_le_adv_set_term_evt_handler</a> from gapm_adv.o(i.hci_le_adv_set_term_evt_handler) referenced from gapm_task.o(.constdata)
 <LI><a href="#[f2]">hci_le_ch_sel_algo_evt_handler</a> from gapc_hci.o(i.hci_le_ch_sel_algo_evt_handler) referenced from gapc_hci.o(.constdata)
 <LI><a href="#[8a]">hci_le_cmd_cmp_evt_addr_handler</a> from gapm_addr.o(i.hci_le_cmd_cmp_evt_addr_handler) referenced 2 times from gapm_task.o(.constdata)
 <LI><a href="#[83]">hci_le_cmd_cmp_evt_adv_handler</a> from gapm_adv.o(i.hci_le_cmd_cmp_evt_adv_handler) referenced 9 times from gapm_task.o(.constdata)
 <LI><a href="#[89]">hci_le_cmd_cmp_evt_init_handler</a> from gapm_init.o(i.hci_le_cmd_cmp_evt_init_handler) referenced 2 times from gapm_task.o(.constdata)
 <LI><a href="#[82]">hci_le_cmd_cmp_evt_list_handler</a> from gapm_list.o(i.hci_le_cmd_cmp_evt_list_handler) referenced 8 times from gapm_task.o(.constdata)
 <LI><a href="#[87]">hci_le_cmd_cmp_evt_per_sync_handler</a> from gapm_per_sync.o(i.hci_le_cmd_cmp_evt_per_sync_handler) referenced 3 times from gapm_task.o(.constdata)
 <LI><a href="#[86]">hci_le_cmd_cmp_evt_scan_handler</a> from gapm_scan.o(i.hci_le_cmd_cmp_evt_scan_handler) referenced 2 times from gapm_task.o(.constdata)
 <LI><a href="#[ee]">hci_le_con_update_cmp_evt_handler</a> from gapc_hci.o(i.hci_le_con_update_cmp_evt_handler) referenced from gapc_hci.o(.constdata)
 <LI><a href="#[f0]">hci_le_data_len_chg_evt_handler</a> from gapc_hci.o(i.hci_le_data_len_chg_evt_handler) referenced from gapc_hci.o(.constdata)
 <LI><a href="#[95]">hci_le_enh_con_cmp_evt_handler</a> from gapm_actv.o(i.hci_le_enh_con_cmp_evt_handler) referenced from gapm_task.o(.constdata)
 <LI><a href="#[90]">hci_le_ext_adv_report_evt_handler</a> from gapm_scan.o(i.hci_le_ext_adv_report_evt_handler) referenced from gapm_task.o(.constdata)
 <LI><a href="#[8f]">hci_le_gen_dhkey_stat_evt_handler</a> from gapm_smp.o(i.hci_le_gen_dhkey_stat_evt_handler) referenced from gapm_task.o(.constdata)
 <LI><a href="#[97]">hci_le_generate_dhkey_cmp_evt_handler</a> from gapm_smp.o(i.hci_le_generate_dhkey_cmp_evt_handler) referenced from gapm_task.o(.constdata)
 <LI><a href="#[f3]">hci_le_ltk_request_evt_handler</a> from gapc_hci.o(i.hci_le_ltk_request_evt_handler) referenced from gapc_hci.o(.constdata)
 <LI><a href="#[93]">hci_le_per_adv_report_evt_handler</a> from gapm_per_sync.o(i.hci_le_per_adv_report_evt_handler) referenced from gapm_task.o(.constdata)
 <LI><a href="#[92]">hci_le_per_adv_sync_est_evt_handler</a> from gapm_per_sync.o(i.hci_le_per_adv_sync_est_evt_handler) referenced from gapm_task.o(.constdata)
 <LI><a href="#[94]">hci_le_per_adv_sync_lost_evt_handler</a> from gapm_per_sync.o(i.hci_le_per_adv_sync_lost_evt_handler) referenced from gapm_task.o(.constdata)
 <LI><a href="#[f1]">hci_le_phy_upd_cmp_evt_handler</a> from gapc_hci.o(i.hci_le_phy_upd_cmp_evt_handler) referenced from gapc_hci.o(.constdata)
 <LI><a href="#[8b]">hci_le_rd_adv_chnl_tx_pw_cmd_cmp_evt_handler</a> from gapm_cfg.o(i.hci_le_rd_adv_chnl_tx_pw_cmd_cmp_evt_handler) referenced from gapm_task.o(.constdata)
 <LI><a href="#[79]">hci_le_rd_buff_size_cmd_cmp_evt_handler</a> from gapm_cfg.o(i.hci_le_rd_buff_size_cmd_cmp_evt_handler) referenced from gapm_task.o(.constdata)
 <LI><a href="#[96]">hci_le_rd_local_p256_public_key_cmp_evt_handler</a> from gapm_cfg.o(i.hci_le_rd_local_p256_public_key_cmp_evt_handler) referenced from gapm_task.o(.constdata)
 <LI><a href="#[7e]">hci_le_rd_max_data_len_cmd_cmp_evt_handler</a> from gapm_cfg.o(i.hci_le_rd_max_data_len_cmd_cmp_evt_handler) referenced from gapm_task.o(.constdata)
 <LI><a href="#[85]">hci_le_rd_nb_supp_adv_sets_cmd_cmp_evt_handler</a> from gapm_cfg.o(i.hci_le_rd_nb_supp_adv_sets_cmd_cmp_evt_handler) referenced from gapm_task.o(.constdata)
 <LI><a href="#[88]">hci_le_rd_pal_size_cmd_cmp_evt_handler</a> from gapm_list.o(i.hci_le_rd_pal_size_cmd_cmp_evt_handler) referenced from gapm_task.o(.constdata)
 <LI><a href="#[e8]">hci_le_rd_phy_cmd_cmp_evt_handler</a> from gapc_hci.o(i.hci_le_rd_phy_cmd_cmp_evt_handler) referenced from gapc_hci.o(.constdata)
 <LI><a href="#[8d]">hci_le_rd_ral_addr_cmd_cmp_evt_handler</a> from gapm_list.o(i.hci_le_rd_ral_addr_cmd_cmp_evt_handler) referenced 2 times from gapm_task.o(.constdata)
 <LI><a href="#[8c]">hci_le_rd_ral_size_cmd_cmp_evt_handler</a> from gapm_list.o(i.hci_le_rd_ral_size_cmd_cmp_evt_handler) referenced from gapm_task.o(.constdata)
 <LI><a href="#[ed]">hci_le_rd_rem_feats_cmp_evt_handler</a> from gapc_hci.o(i.hci_le_rd_rem_feats_cmp_evt_handler) referenced from gapc_hci.o(.constdata)
 <LI><a href="#[80]">hci_le_rd_rf_path_comp_cmd_cmp_evt_handler</a> from gapm_cfg.o(i.hci_le_rd_rf_path_comp_cmd_cmp_evt_handler) referenced from gapm_task.o(.constdata)
 <LI><a href="#[7d]">hci_le_rd_suggted_dft_data_len_cmd_cmp_evt_handler</a> from gapm_cfg.o(i.hci_le_rd_suggted_dft_data_len_cmd_cmp_evt_handler) referenced from gapm_task.o(.constdata)
 <LI><a href="#[7f]">hci_le_rd_tx_pwr_cmd_cmp_evt_handler</a> from gapm_cfg.o(i.hci_le_rd_tx_pwr_cmd_cmp_evt_handler) referenced from gapm_task.o(.constdata)
 <LI><a href="#[81]">hci_le_rd_wlst_size_cmd_cmp_evt_handler</a> from gapm_list.o(i.hci_le_rd_wlst_size_cmd_cmp_evt_handler) referenced from gapm_task.o(.constdata)
 <LI><a href="#[84]">hci_le_read_max_adv_data_len_cmd_cmp_evt_handler</a> from gapm_cfg.o(i.hci_le_read_max_adv_data_len_cmd_cmp_evt_handler) referenced from gapm_task.o(.constdata)
 <LI><a href="#[ef]">hci_le_rem_con_param_req_evt_handler</a> from gapc_hci.o(i.hci_le_rem_con_param_req_evt_handler) referenced from gapc_hci.o(.constdata)
 <LI><a href="#[99]">hci_le_scan_req_rcvd_evt_handler</a> from gapm_adv.o(i.hci_le_scan_req_rcvd_evt_handler) referenced from gapm_task.o(.constdata)
 <LI><a href="#[91]">hci_le_scan_timeout_evt_handler</a> from gapm_scan.o(i.hci_le_scan_timeout_evt_handler) referenced from gapm_task.o(.constdata)
 <LI><a href="#[e7]">hci_le_set_data_len_cmd_cmp_evt_handler</a> from gapc_hci.o(i.hci_le_set_data_len_cmd_cmp_evt_handler) referenced from gapc_hci.o(.constdata)
 <LI><a href="#[ec]">hci_le_start_enc_stat_evt_handler</a> from gapc_hci.o(i.hci_le_start_enc_stat_evt_handler) referenced from gapc_hci.o(.constdata)
 <LI><a href="#[51]">hci_nb_cmp_pkts_evt_handler</a> from l2cc_task.o(i.hci_nb_cmp_pkts_evt_handler) referenced from l2cc_task.o(.constdata)
 <LI><a href="#[e5]">hci_rd_auth_payl_to_cmd_cmp_evt_handler</a> from gapc_hci.o(i.hci_rd_auth_payl_to_cmd_cmp_evt_handler) referenced from gapc_hci.o(.constdata)
 <LI><a href="#[7c]">hci_rd_bd_addr_cmd_cmp_evt_handler</a> from gapm_cfg.o(i.hci_rd_bd_addr_cmd_cmp_evt_handler) referenced from gapm_task.o(.constdata)
 <LI><a href="#[7a]">hci_rd_buff_size_cmd_cmp_evt_handler</a> from gapm_cfg.o(i.hci_rd_buff_size_cmd_cmp_evt_handler) referenced from gapm_task.o(.constdata)
 <LI><a href="#[e4]">hci_rd_chnl_map_cmd_cmp_evt_handler</a> from gapc_hci.o(i.hci_rd_chnl_map_cmd_cmp_evt_handler) referenced from gapc_hci.o(.constdata)
 <LI><a href="#[7b]">hci_rd_local_ver_info_cmd_cmp_evt_handler</a> from gapm_cfg.o(i.hci_rd_local_ver_info_cmd_cmp_evt_handler) referenced from gapm_task.o(.constdata)
 <LI><a href="#[f5]">hci_rd_rem_ver_info_cmp_evt_handler</a> from gapc_hci.o(i.hci_rd_rem_ver_info_cmp_evt_handler) referenced from gapc_hci.o(.constdata)
 <LI><a href="#[e3]">hci_rd_rssi_cmd_cmp_evt_handler</a> from gapc_hci.o(i.hci_rd_rssi_cmd_cmp_evt_handler) referenced from gapc_hci.o(.constdata)
 <LI><a href="#[78]">hci_test_end_cmd_cmp_evt_handler</a> from gapm_cfg.o(i.hci_test_end_cmd_cmp_evt_handler) referenced from gapm_task.o(.constdata)
 <LI><a href="#[ea]">hci_vs_set_pref_slave_latency_cmd_cmp_evt_handler</a> from gapc_hci.o(i.hci_vs_set_pref_slave_latency_cmd_cmp_evt_handler) referenced from gapc_hci.o(.constdata)
 <LI><a href="#[e6]">hci_wr_auth_payl_to_cmd_cmp_evt_handler</a> from gapc_hci.o(i.hci_wr_auth_payl_to_cmd_cmp_evt_handler) referenced from gapc_hci.o(.constdata)
 <LI><a href="#[132]">i2c0_isr</a> from boot_vectors.o(.text) referenced from boot_vectors.o(RESET)
 <LI><a href="#[133]">i2c1_isr</a> from boot_vectors.o(.text) referenced from boot_vectors.o(RESET)
 <LI><a href="#[13f]">i2s_isr</a> from boot_vectors.o(.text) referenced from boot_vectors.o(RESET)
 <LI><a href="#[1]">jump_table_memmory_init</a> from jump_table_host.o(i.jump_table_memmory_init) referenced from jump_table_host.o(jump_table_2)
 <LI><a href="#[2]">jump_table_param_get</a> from jump_table_host.o(i.jump_table_param_get) referenced from jump_table_host.o(jump_table_4)
 <LI><a href="#[3]">jump_table_param_set</a> from jump_table_host.o(i.jump_table_param_set) referenced from jump_table_host.o(jump_table_4)
 <LI><a href="#[e9]">ke_msg_discard</a> from syscall.txt(ABSOLUTE) referenced 2 times from gapc_hci.o(.constdata)
 <LI><a href="#[f]">ke_task_default_handler_get_patch</a> from entry.o(i.ke_task_default_handler_get_patch) referenced from entry.o(i.app_main)
 <LI><a href="#[e1]">l2c_code_conn_param_upd_req_handler</a> from l2cc_sig.o(i.l2c_code_conn_param_upd_req_handler) referenced 2 times from l2cc_sig.o(.constdata)
 <LI><a href="#[e2]">l2c_code_conn_param_upd_resp_handler</a> from l2cc_sig.o(i.l2c_code_conn_param_upd_resp_handler) referenced 2 times from l2cc_sig.o(.constdata)
 <LI><a href="#[e0]">l2c_code_reject_handler</a> from l2cc_sig.o(i.l2c_code_reject_handler) referenced 2 times from l2cc_sig.o(.constdata)
 <LI><a href="#[65]">l2cc_cmp_evt_handler</a> from gapc_task.o(i.l2cc_cmp_evt_handler) referenced 2 times from gapc_task.o(.constdata)
 <LI><a href="#[50]">l2cc_dbg_pdu_send_cmd_handler</a> from l2cc_task.o(i.l2cc_dbg_pdu_send_cmd_handler) referenced from l2cc_task.o(.constdata)
 <LI><a href="#[4d]">l2cc_default_msg_handler</a> from l2cc_task.o(i.l2cc_default_msg_handler) referenced from l2cc_task.o(.constdata)
 <LI><a href="#[4f]">l2cc_lecb_sdu_send_cmd_handler</a> from l2cc_task.o(i.l2cc_lecb_sdu_send_cmd_handler) referenced from l2cc_task.o(.constdata)
 <LI><a href="#[53]">l2cc_pdu_recv_ind_handler</a> from l2cc_task.o(i.l2cc_pdu_recv_ind_handler) referenced 3 times from l2cc_task.o(.constdata)
 <LI><a href="#[4e]">l2cc_pdu_send_cmd_handler</a> from l2cc_task.o(i.l2cc_pdu_send_cmd_handler) referenced from l2cc_task.o(.constdata)
 <LI><a href="#[2a]">l2cm_l2cap_tx_handler</a> from l2cm.o(i.l2cm_l2cap_tx_handler) referenced from l2cm.o(i.l2cm_init)
 <LI><a href="#[13e]">lcd_isr</a> from boot_vectors.o(.text) referenced from boot_vectors.o(RESET)
 <LI><a href="#[e]">low_power_restore_entry_imp</a> from patch_rf.o(ram_code) referenced from entry.o(i.app_main)
 <LI><a href="#[d]">low_power_save_entry_imp</a> from patch_rf.o(ram_code) referenced from entry.o(i.app_main)
 <LI><a href="#[31]">main_task_timer_handler</a> from proj_main.o(i.main_task_timer_handler) referenced from proj_main.o(i.user_main)
 <LI><a href="#[19]">os_default_task_func</a> from os_task.o(i.os_default_task_func) referenced from os_task.o(i.from_task_func_to_msg_handle)
 <LI><a href="#[2e]">os_timer_ota_cb</a> from ota.o(i.os_timer_ota_cb) referenced from ota.o(i.ota_start)
 <LI><a href="#[2d]">ota_gatt_msg_handler</a> from ota_service.o(i.ota_gatt_msg_handler) referenced from ota_service.o(i.ota_gatt_add_service)
 <LI><a href="#[139]">pdm_isr</a> from boot_vectors.o(.text) referenced from boot_vectors.o(RESET)
 <LI><a href="#[13b]">pmu_isr</a> from driver_pmu.o(ram_code) referenced from boot_vectors.o(RESET)
 <LI><a href="#[9]">prf_itf_get_imp</a> from app_prf.o(i.prf_itf_get_imp) referenced from entry.o(i.app_main)
 <LI><a href="#[13c]">pwm_isr</a> from boot_vectors.o(.text) referenced from boot_vectors.o(RESET)
 <LI><a href="#[140]">rf_init_api_null</a> from patch_rf.o(ram_code) referenced from patch_rf.o(ram_code)
 <LI><a href="#[141]">rf_init_api_rssi_convert</a> from patch_rf.o(ram_code) referenced from patch_rf.o(ram_code)
 <LI><a href="#[a]">rf_init_app</a> from patch_rf.o(ram_code) referenced from entry.o(i.app_main)
 <LI><a href="#[8]">rwble_hl_init_imp</a> from rwble_hl.o(i.rwble_hl_init_imp) referenced from entry.o(i.app_main)
 <LI><a href="#[12e]">rwble_isr_ram</a> from patch_rf.o(ram_code) referenced from boot_vectors.o(RESET)
 <LI><a href="#[11]">rwip_slot_2_lpcycles_ram</a> from entry.o(ram_code) referenced from entry.o(i.app_main)
 <LI><a href="#[10]">sch_arb_event_start_direct_rom</a> from syscall.txt(ABSOLUTE) referenced from entry.o(i.app_main)
 <LI><a href="#[32]">sleep_timer_handler</a> from proj_main.o(i.sleep_timer_handler) referenced from proj_main.o(i.user_main)
 <LI><a href="#[107]">smpc_construcpublic_key_t_pdu</a> from smpc_util.o(i.smpc_construcpublic_key_t_pdu) referenced from smpc_util.o(.constdata)
 <LI><a href="#[108]">smpc_construct_dhkey_check_pdu</a> from smpc_util.o(i.smpc_construct_dhkey_check_pdu) referenced from smpc_util.o(.constdata)
 <LI><a href="#[101]">smpc_construct_enc_info_pdu</a> from smpc_util.o(i.smpc_construct_enc_info_pdu) referenced from smpc_util.o(.constdata)
 <LI><a href="#[104]">smpc_construct_id_addr_info_pdu</a> from smpc_util.o(i.smpc_construct_id_addr_info_pdu) referenced from smpc_util.o(.constdata)
 <LI><a href="#[103]">smpc_construct_id_info_pdu</a> from smpc_util.o(i.smpc_construct_id_info_pdu) referenced from smpc_util.o(.constdata)
 <LI><a href="#[109]">smpc_construct_keypress_notification_pdu</a> from smpc_util.o(i.smpc_construct_keypress_notification_pdu) referenced from smpc_util.o(.constdata)
 <LI><a href="#[102]">smpc_construct_mst_id_pdu</a> from smpc_util.o(i.smpc_construct_mst_id_pdu) referenced from smpc_util.o(.constdata)
 <LI><a href="#[fe]">smpc_construct_pair_cfm_pdu</a> from smpc_util.o(i.smpc_construct_pair_cfm_pdu) referenced from smpc_util.o(.constdata)
 <LI><a href="#[100]">smpc_construct_pair_fail_pdu</a> from smpc_util.o(i.smpc_construct_pair_fail_pdu) referenced from smpc_util.o(.constdata)
 <LI><a href="#[ff]">smpc_construct_pair_rand_pdu</a> from smpc_util.o(i.smpc_construct_pair_rand_pdu) referenced from smpc_util.o(.constdata)
 <LI><a href="#[fc]">smpc_construct_pair_req_pdu</a> from smpc_util.o(i.smpc_construct_pair_req_pdu) referenced from smpc_util.o(.constdata)
 <LI><a href="#[fd]">smpc_construct_pair_rsp_pdu</a> from smpc_util.o(i.smpc_construct_pair_rsp_pdu) referenced from smpc_util.o(.constdata)
 <LI><a href="#[106]">smpc_construct_sec_req_pdu</a> from smpc_util.o(i.smpc_construct_sec_req_pdu) referenced from smpc_util.o(.constdata)
 <LI><a href="#[105]">smpc_construct_sign_info_pdu</a> from smpc_util.o(i.smpc_construct_sign_info_pdu) referenced from smpc_util.o(.constdata)
 <LI><a href="#[116]">smpc_recv_dhkey_check_pdu</a> from smpc_util.o(i.smpc_recv_dhkey_check_pdu) referenced from smpc_util.o(.constdata)
 <LI><a href="#[10f]">smpc_recv_enc_info_pdu</a> from smpc_util.o(i.smpc_recv_enc_info_pdu) referenced from smpc_util.o(.constdata)
 <LI><a href="#[112]">smpc_recv_id_addr_info_pdu</a> from smpc_util.o(i.smpc_recv_id_addr_info_pdu) referenced from smpc_util.o(.constdata)
 <LI><a href="#[111]">smpc_recv_id_info_pdu</a> from smpc_util.o(i.smpc_recv_id_info_pdu) referenced from smpc_util.o(.constdata)
 <LI><a href="#[117]">smpc_recv_keypress_notification_pdu</a> from smpc_util.o(i.smpc_recv_keypress_notification_pdu) referenced from smpc_util.o(.constdata)
 <LI><a href="#[110]">smpc_recv_mst_id_pdu</a> from smpc_util.o(i.smpc_recv_mst_id_pdu) referenced from smpc_util.o(.constdata)
 <LI><a href="#[10c]">smpc_recv_pair_cfm_pdu</a> from smpc_util.o(i.smpc_recv_pair_cfm_pdu) referenced from smpc_util.o(.constdata)
 <LI><a href="#[10e]">smpc_recv_pair_fail_pdu</a> from smpc_util.o(i.smpc_recv_pair_fail_pdu) referenced from smpc_util.o(.constdata)
 <LI><a href="#[10d]">smpc_recv_pair_rand_pdu</a> from smpc_util.o(i.smpc_recv_pair_rand_pdu) referenced from smpc_util.o(.constdata)
 <LI><a href="#[10a]">smpc_recv_pair_req_pdu</a> from smpc_util.o(i.smpc_recv_pair_req_pdu) referenced from smpc_util.o(.constdata)
 <LI><a href="#[10b]">smpc_recv_pair_rsp_pdu</a> from smpc_util.o(i.smpc_recv_pair_rsp_pdu) referenced from smpc_util.o(.constdata)
 <LI><a href="#[115]">smpc_recv_public_key_pdu</a> from smpc_util.o(i.smpc_recv_public_key_pdu) referenced from smpc_util.o(.constdata)
 <LI><a href="#[114]">smpc_recv_sec_req_pdu</a> from smpc_util.o(i.smpc_recv_sec_req_pdu) referenced from smpc_util.o(.constdata)
 <LI><a href="#[113]">smpc_recv_sign_info_pdu</a> from smpc_util.o(i.smpc_recv_sign_info_pdu) referenced from smpc_util.o(.constdata)
 <LI><a href="#[30]">sp_gatt_msg_handler</a> from band.o(i.sp_gatt_msg_handler) referenced from band.o(i.sp_gatt_add_service)
 <LI><a href="#[134]">spim0_isr</a> from boot_vectors.o(.text) referenced from boot_vectors.o(RESET)
 <LI><a href="#[135]">spim1_isr</a> from boot_vectors.o(.text) referenced from boot_vectors.o(RESET)
 <LI><a href="#[136]">spis_isr</a> from boot_vectors.o(.text) referenced from boot_vectors.o(RESET)
 <LI><a href="#[130]">timer0_isr</a> from boot_vectors.o(.text) referenced from boot_vectors.o(RESET)
 <LI><a href="#[131]">timer1_isr</a> from boot_vectors.o(.text) referenced from boot_vectors.o(RESET)
 <LI><a href="#[137]">uart0_isr</a> from boot_vectors.o(.text) referenced from boot_vectors.o(RESET)
 <LI><a href="#[138]">uart1_isr</a> from boot_vectors.o(.text) referenced from boot_vectors.o(RESET)
 <LI><a href="#[13d]">usb_isr</a> from boot_vectors.o(.text) referenced from boot_vectors.o(RESET)
</UL>
<P>
<H3>
Global Symbols
</H3>
<P><STRONG><a name="[3b9]"></a>rwip_sleep_mul_64</STRONG> (Thumb, 0 bytes, Stack size 0 bytes, syscall.txt(ABSOLUTE))
<BR><BR>[Called By]<UL><LI><a href="#[35c]">&gt;&gt;</a>&nbsp;&nbsp;&nbsp;pmu_get_rc_clk (via Veneer)
<LI><a href="#[11]">&gt;&gt;</a>&nbsp;&nbsp;&nbsp;rwip_slot_2_lpcycles_ram (via Veneer)
</UL>

<P><STRONG><a name="[124]"></a>Reset_Handler</STRONG> (Thumb, 0 bytes, Stack size 0 bytes, syscall.txt(ABSOLUTE), UNUSED)
<BR>[Address Reference Count : 1]<UL><LI> boot_vectors.o(RESET)
</UL>
<P><STRONG><a name="[23e]"></a>CPU_SR_Save</STRONG> (Thumb, 0 bytes, Stack size 0 bytes, syscall.txt(ABSOLUTE))
<BR><BR>[Called By]<UL><LI><a href="#[173]">&gt;&gt;</a>&nbsp;&nbsp;&nbsp;app_device_flash_opration (via Veneer)
<LI><a href="#[34b]">&gt;&gt;</a>&nbsp;&nbsp;&nbsp;pmu_clear_isr_state (via Veneer)
<LI><a href="#[1a6]">&gt;&gt;</a>&nbsp;&nbsp;&nbsp;os_timer_start (via Veneer)
<LI><a href="#[343]">&gt;&gt;</a>&nbsp;&nbsp;&nbsp;os_timer_init (via Veneer)
<LI><a href="#[3a1]">&gt;&gt;</a>&nbsp;&nbsp;&nbsp;main_loop (via Veneer)
<LI><a href="#[3b1]">&gt;&gt;</a>&nbsp;&nbsp;&nbsp;system_lvd_protect_handle (via Veneer)
<LI><a href="#[34e]">&gt;&gt;</a>&nbsp;&nbsp;&nbsp;flash_OTP_read (via Veneer)
<LI><a href="#[1a5]">&gt;&gt;</a>&nbsp;&nbsp;&nbsp;os_timer_stop (via Veneer)
<LI><a href="#[341]">&gt;&gt;</a>&nbsp;&nbsp;&nbsp;os_timer_destroy (via Veneer)
<LI><a href="#[1af]">&gt;&gt;</a>&nbsp;&nbsp;&nbsp;app_otas_crc_cal (via Veneer)
<LI><a href="#[3aa]">&gt;&gt;</a>&nbsp;&nbsp;&nbsp;app_otas_flash_opration (via Veneer)
<LI><a href="#[1db]">&gt;&gt;</a>&nbsp;&nbsp;&nbsp;check_timer_handle (via Veneer)
<LI><a href="#[3bc]">&gt;&gt;</a>&nbsp;&nbsp;&nbsp;flash_OTP_erase (via Veneer)
<LI><a href="#[3bb]">&gt;&gt;</a>&nbsp;&nbsp;&nbsp;flash_OTP_write (via Veneer)
<LI><a href="#[c]">&gt;&gt;</a>&nbsp;&nbsp;&nbsp;flash_erase_write_protect_imp (via Veneer)
<LI><a href="#[3d3]">&gt;&gt;</a>&nbsp;&nbsp;&nbsp;calib_lld_cancel (via Veneer)
<LI><a href="#[32b]">&gt;&gt;</a>&nbsp;&nbsp;&nbsp;l2cc_data_send (via Veneer)
</UL>

<P><STRONG><a name="[23f]"></a>CPU_SR_Restore</STRONG> (Thumb, 0 bytes, Stack size 0 bytes, syscall.txt(ABSOLUTE))
<BR><BR>[Called By]<UL><LI><a href="#[173]">&gt;&gt;</a>&nbsp;&nbsp;&nbsp;app_device_flash_opration (via Veneer)
<LI><a href="#[34b]">&gt;&gt;</a>&nbsp;&nbsp;&nbsp;pmu_clear_isr_state (via Veneer)
<LI><a href="#[1a6]">&gt;&gt;</a>&nbsp;&nbsp;&nbsp;os_timer_start (via Veneer)
<LI><a href="#[343]">&gt;&gt;</a>&nbsp;&nbsp;&nbsp;os_timer_init (via Veneer)
<LI><a href="#[3a1]">&gt;&gt;</a>&nbsp;&nbsp;&nbsp;main_loop (via Veneer)
<LI><a href="#[3b1]">&gt;&gt;</a>&nbsp;&nbsp;&nbsp;system_lvd_protect_handle (via Veneer)
<LI><a href="#[34e]">&gt;&gt;</a>&nbsp;&nbsp;&nbsp;flash_OTP_read (via Veneer)
<LI><a href="#[1a5]">&gt;&gt;</a>&nbsp;&nbsp;&nbsp;os_timer_stop (via Veneer)
<LI><a href="#[341]">&gt;&gt;</a>&nbsp;&nbsp;&nbsp;os_timer_destroy (via Veneer)
<LI><a href="#[1af]">&gt;&gt;</a>&nbsp;&nbsp;&nbsp;app_otas_crc_cal (via Veneer)
<LI><a href="#[3aa]">&gt;&gt;</a>&nbsp;&nbsp;&nbsp;app_otas_flash_opration (via Veneer)
<LI><a href="#[1db]">&gt;&gt;</a>&nbsp;&nbsp;&nbsp;check_timer_handle (via Veneer)
<LI><a href="#[3bc]">&gt;&gt;</a>&nbsp;&nbsp;&nbsp;flash_OTP_erase (via Veneer)
<LI><a href="#[3bb]">&gt;&gt;</a>&nbsp;&nbsp;&nbsp;flash_OTP_write (via Veneer)
<LI><a href="#[c]">&gt;&gt;</a>&nbsp;&nbsp;&nbsp;flash_erase_write_protect_imp (via Veneer)
<LI><a href="#[3d3]">&gt;&gt;</a>&nbsp;&nbsp;&nbsp;calib_lld_cancel (via Veneer)
<LI><a href="#[32b]">&gt;&gt;</a>&nbsp;&nbsp;&nbsp;l2cc_data_send (via Veneer)
</UL>

<P><STRONG><a name="[23b]"></a>GLOBAL_INT_START</STRONG> (Thumb, 0 bytes, Stack size 0 bytes, syscall.txt(ABSOLUTE))
<BR><BR>[Called By]<UL><LI><a href="#[238]">&gt;&gt;</a>&nbsp;&nbsp;&nbsp;ble_stack_init (via Veneer)
<LI><a href="#[361]">&gt;&gt;</a>&nbsp;&nbsp;&nbsp;proj_init (via Veneer)
</UL>

<P><STRONG><a name="[261]"></a>rand</STRONG> (Thumb, 0 bytes, Stack size 0 bytes, syscall.txt(ABSOLUTE))
<BR><BR>[Called By]<UL><LI><a href="#[49]">&gt;&gt;</a>&nbsp;&nbsp;&nbsp;gapc_bond_req_ind_handler (via Veneer)
<LI><a href="#[5a]">&gt;&gt;</a>&nbsp;&nbsp;&nbsp;gapc_param_update_cmd_handler (via Veneer)
</UL>

<P><STRONG><a name="[19b]"></a>srand</STRONG> (Thumb, 0 bytes, Stack size 0 bytes, syscall.txt(ABSOLUTE))
<BR><BR>[Called By]<UL><LI><a href="#[238]">&gt;&gt;</a>&nbsp;&nbsp;&nbsp;ble_stack_init (via Veneer)
<LI><a href="#[146]">&gt;&gt;</a>&nbsp;&nbsp;&nbsp;app_main (via Veneer)
</UL>

<P><STRONG><a name="[186]"></a>__aeabi_memcpy</STRONG> (Thumb, 0 bytes, Stack size 0 bytes, syscall.txt(ABSOLUTE))
<BR><BR>[Called By]<UL><LI><a href="#[30]">&gt;&gt;</a>&nbsp;&nbsp;&nbsp;sp_gatt_msg_handler (via Veneer)
<LI><a href="#[240]">&gt;&gt;</a>&nbsp;&nbsp;&nbsp;device_name_default (via Veneer)
<LI><a href="#[18a]">&gt;&gt;</a>&nbsp;&nbsp;&nbsp;gatt_discovery_peer_svc (via Veneer)
<LI><a href="#[248]">&gt;&gt;</a>&nbsp;&nbsp;&nbsp;gap_dev_name_set (via Veneer)
<LI><a href="#[242]">&gt;&gt;</a>&nbsp;&nbsp;&nbsp;device_name_init (via Veneer)
<LI><a href="#[362]">&gt;&gt;</a>&nbsp;&nbsp;&nbsp;simple_peripheral_init (via Veneer)
<LI><a href="#[19f]">&gt;&gt;</a>&nbsp;&nbsp;&nbsp;app_otas_recv_data (via Veneer)
<LI><a href="#[19d]">&gt;&gt;</a>&nbsp;&nbsp;&nbsp;app_otas_read_data (via Veneer)
<LI><a href="#[37]">&gt;&gt;</a>&nbsp;&nbsp;&nbsp;gapm_cmp_evt_handler (via Veneer)
<LI><a href="#[2b3]">&gt;&gt;</a>&nbsp;&nbsp;&nbsp;jump_table_set_static_keys (via Veneer)
<LI><a href="#[2b4]">&gt;&gt;</a>&nbsp;&nbsp;&nbsp;jump_table_get_static_keys (via Veneer)
<LI><a href="#[3]">&gt;&gt;</a>&nbsp;&nbsp;&nbsp;jump_table_param_set (via Veneer)
<LI><a href="#[1da]">&gt;&gt;</a>&nbsp;&nbsp;&nbsp;ble_sec_init (via Veneer)
<LI><a href="#[1bc]">&gt;&gt;</a>&nbsp;&nbsp;&nbsp;ble_gap_set_dev_config (via Veneer)
<LI><a href="#[2f6]">&gt;&gt;</a>&nbsp;&nbsp;&nbsp;os_msg_post (via Veneer)
<LI><a href="#[2ee]">&gt;&gt;</a>&nbsp;&nbsp;&nbsp;gatt_write_peer_svc_to_flash (via Veneer)
<LI><a href="#[2f3]">&gt;&gt;</a>&nbsp;&nbsp;&nbsp;gatt_load_peer_svc_from_flash (via Veneer)
<LI><a href="#[203]">&gt;&gt;</a>&nbsp;&nbsp;&nbsp;attm_svc_create_db_ext (via Veneer)
<LI><a href="#[1f7]">&gt;&gt;</a>&nbsp;&nbsp;&nbsp;attm_att_set_value (via Veneer)
<LI><a href="#[2f9]">&gt;&gt;</a>&nbsp;&nbsp;&nbsp;gatt_notification_with_handle (via Veneer)
<LI><a href="#[2f2]">&gt;&gt;</a>&nbsp;&nbsp;&nbsp;gatt_client_write_req_with_handle (via Veneer)
<LI><a href="#[2eb]">&gt;&gt;</a>&nbsp;&nbsp;&nbsp;gatt_add_client_uuid (via Veneer)
<LI><a href="#[142]">&gt;&gt;</a>&nbsp;&nbsp;&nbsp;gatt_service_init (via Veneer)
<LI><a href="#[1ca]">&gt;&gt;</a>&nbsp;&nbsp;&nbsp;appm_set_scan_response_data (via Veneer)
<LI><a href="#[1cb]">&gt;&gt;</a>&nbsp;&nbsp;&nbsp;appm_set_per_adv_data (via Veneer)
<LI><a href="#[1e0]">&gt;&gt;</a>&nbsp;&nbsp;&nbsp;appm_set_advertising_param (via Veneer)
<LI><a href="#[1c9]">&gt;&gt;</a>&nbsp;&nbsp;&nbsp;appm_set_advertising_data (via Veneer)
<LI><a href="#[247]">&gt;&gt;</a>&nbsp;&nbsp;&nbsp;gap_dev_name_get (via Veneer)
<LI><a href="#[312]">&gt;&gt;</a>&nbsp;&nbsp;&nbsp;l2cc_pdu_unpack (via Veneer)
<LI><a href="#[311]">&gt;&gt;</a>&nbsp;&nbsp;&nbsp;l2cc_pdu_header_check (via Veneer)
<LI><a href="#[1fd]">&gt;&gt;</a>&nbsp;&nbsp;&nbsp;attmdb_get_uuid (via Veneer)
<LI><a href="#[1fc]">&gt;&gt;</a>&nbsp;&nbsp;&nbsp;attm_get_value (via Veneer)
<LI><a href="#[1fb]">&gt;&gt;</a>&nbsp;&nbsp;&nbsp;attm_convert_to128 (via Veneer)
<LI><a href="#[3ce]">&gt;&gt;</a>&nbsp;&nbsp;&nbsp;calib_lld_send (via Veneer)
<LI><a href="#[4b]">&gt;&gt;</a>&nbsp;&nbsp;&nbsp;gapc_encrypt_req_ind_handler (via Veneer)
<LI><a href="#[49]">&gt;&gt;</a>&nbsp;&nbsp;&nbsp;gapc_bond_req_ind_handler (via Veneer)
<LI><a href="#[4a]">&gt;&gt;</a>&nbsp;&nbsp;&nbsp;gapc_bond_ind_handler (via Veneer)
<LI><a href="#[22a]">&gt;&gt;</a>&nbsp;&nbsp;&nbsp;ble_sec_resolve_address (via Veneer)
<LI><a href="#[17]">&gt;&gt;</a>&nbsp;&nbsp;&nbsp;ble_bond_store_info (via Veneer)
<LI><a href="#[188]">&gt;&gt;</a>&nbsp;&nbsp;&nbsp;app_connection_success_ind_func (via Veneer)
<LI><a href="#[185]">&gt;&gt;</a>&nbsp;&nbsp;&nbsp;app_connection_req_ind_func (via Veneer)
<LI><a href="#[229]">&gt;&gt;</a>&nbsp;&nbsp;&nbsp;ble_bond_check (via Veneer)
<LI><a href="#[32d]">&gt;&gt;</a>&nbsp;&nbsp;&nbsp;l2cc_pdu_pack (via Veneer)
<LI><a href="#[32e]">&gt;&gt;</a>&nbsp;&nbsp;&nbsp;l2cc_dbg_pdu_pack (via Veneer)
<LI><a href="#[c8]">&gt;&gt;</a>&nbsp;&nbsp;&nbsp;gattc_write_cmd_handler (via Veneer)
<LI><a href="#[d6]">&gt;&gt;</a>&nbsp;&nbsp;&nbsp;gattc_send_svc_changed_cmd_handler (via Veneer)
<LI><a href="#[cd]">&gt;&gt;</a>&nbsp;&nbsp;&nbsp;gattc_sdp_svc_disc_cmd_handler (via Veneer)
<LI><a href="#[c7]">&gt;&gt;</a>&nbsp;&nbsp;&nbsp;gattc_read_cmd_handler (via Veneer)
<LI><a href="#[d0]">&gt;&gt;</a>&nbsp;&nbsp;&nbsp;gattc_disc_svc_incl_ind_handler (via Veneer)
<LI><a href="#[c6]">&gt;&gt;</a>&nbsp;&nbsp;&nbsp;gattc_disc_cmd_handler (via Veneer)
<LI><a href="#[d1]">&gt;&gt;</a>&nbsp;&nbsp;&nbsp;gattc_disc_char_ind_handler (via Veneer)
<LI><a href="#[d2]">&gt;&gt;</a>&nbsp;&nbsp;&nbsp;gattc_disc_char_desc_ind_handler (via Veneer)
<LI><a href="#[ce]">&gt;&gt;</a>&nbsp;&nbsp;&nbsp;gattc_cmp_evt_handler (via Veneer)
<LI><a href="#[db]">&gt;&gt;</a>&nbsp;&nbsp;&nbsp;gapc_sign_ind_handler (via Veneer)
<LI><a href="#[222]">&gt;&gt;</a>&nbsp;&nbsp;&nbsp;atts_send_event (via Veneer)
<LI><a href="#[c1]">&gt;&gt;</a>&nbsp;&nbsp;&nbsp;atts_write_signed (via Veneer)
<LI><a href="#[224]">&gt;&gt;</a>&nbsp;&nbsp;&nbsp;atts_update_elmt (via Veneer)
<LI><a href="#[bc]">&gt;&gt;</a>&nbsp;&nbsp;&nbsp;atts_read_req (via Veneer)
<LI><a href="#[be]">&gt;&gt;</a>&nbsp;&nbsp;&nbsp;atts_read_mult_req (via Veneer)
<LI><a href="#[ba]">&gt;&gt;</a>&nbsp;&nbsp;&nbsp;atts_read_by_type_req (via Veneer)
<LI><a href="#[bb]">&gt;&gt;</a>&nbsp;&nbsp;&nbsp;atts_read_by_grp_type_req (via Veneer)
<LI><a href="#[bd]">&gt;&gt;</a>&nbsp;&nbsp;&nbsp;atts_read_blob_req (via Veneer)
<LI><a href="#[c2]">&gt;&gt;</a>&nbsp;&nbsp;&nbsp;atts_prepare_write_req (via Veneer)
<LI><a href="#[b8]">&gt;&gt;</a>&nbsp;&nbsp;&nbsp;atts_find_info_req (via Veneer)
<LI><a href="#[c3]">&gt;&gt;</a>&nbsp;&nbsp;&nbsp;atts_execute_write_req (via Veneer)
<LI><a href="#[209]">&gt;&gt;</a>&nbsp;&nbsp;&nbsp;attmdb_svc_init (via Veneer)
<LI><a href="#[387]">&gt;&gt;</a>&nbsp;&nbsp;&nbsp;smpc_f6_init (via Veneer)
<LI><a href="#[386]">&gt;&gt;</a>&nbsp;&nbsp;&nbsp;smpc_f5_init (via Veneer)
<LI><a href="#[369]">&gt;&gt;</a>&nbsp;&nbsp;&nbsp;smpc_send_use_enc_block_cmd (via Veneer)
<LI><a href="#[36e]">&gt;&gt;</a>&nbsp;&nbsp;&nbsp;smpc_send_start_enc_cmd (via Veneer)
<LI><a href="#[376]">&gt;&gt;</a>&nbsp;&nbsp;&nbsp;smpc_send_pairing_req_ind (via Veneer)
<LI><a href="#[392]">&gt;&gt;</a>&nbsp;&nbsp;&nbsp;smpc_send_pairing_ind (via Veneer)
<LI><a href="#[318]">&gt;&gt;</a>&nbsp;&nbsp;&nbsp;smpc_send_ltk_req_rsp (via Veneer)
<LI><a href="#[399]">&gt;&gt;</a>&nbsp;&nbsp;&nbsp;smpc_send_gen_dh_key_cmd (via Veneer)
<LI><a href="#[314]">&gt;&gt;</a>&nbsp;&nbsp;&nbsp;smpc_handle_enc_change_evt (via Veneer)
<LI><a href="#[38a]">&gt;&gt;</a>&nbsp;&nbsp;&nbsp;smpc_generate_l (via Veneer)
<LI><a href="#[382]">&gt;&gt;</a>&nbsp;&nbsp;&nbsp;smpc_generate_e1 (via Veneer)
<LI><a href="#[388]">&gt;&gt;</a>&nbsp;&nbsp;&nbsp;smpc_generate_ci (via Veneer)
<LI><a href="#[96]">&gt;&gt;</a>&nbsp;&nbsp;&nbsp;hci_le_rd_local_p256_public_key_cmp_evt_handler (via Veneer)
<LI><a href="#[97]">&gt;&gt;</a>&nbsp;&nbsp;&nbsp;hci_le_generate_dhkey_cmp_evt_handler (via Veneer)
<LI><a href="#[b6]">&gt;&gt;</a>&nbsp;&nbsp;&nbsp;gapm_set_irk_cmd_handler (via Veneer)
<LI><a href="#[9c]">&gt;&gt;</a>&nbsp;&nbsp;&nbsp;gapm_set_dev_config_cmd_handler (via Veneer)
<LI><a href="#[a3]">&gt;&gt;</a>&nbsp;&nbsp;&nbsp;gapm_get_pub_key_cmd_handler (via Veneer)
<LI><a href="#[a2]">&gt;&gt;</a>&nbsp;&nbsp;&nbsp;gapm_gen_dh_key_cmd_handler (via Veneer)
<LI><a href="#[a5]">&gt;&gt;</a>&nbsp;&nbsp;&nbsp;gapc_peer_att_info_ind_handler (via Veneer)
<LI><a href="#[2e9]">&gt;&gt;</a>&nbsp;&nbsp;&nbsp;smpc_sign_cont (via Veneer)
<LI><a href="#[256]">&gt;&gt;</a>&nbsp;&nbsp;&nbsp;smpc_pairing_tk_exch (via Veneer)
<LI><a href="#[259]">&gt;&gt;</a>&nbsp;&nbsp;&nbsp;smpc_pairing_oob_exch (via Veneer)
<LI><a href="#[255]">&gt;&gt;</a>&nbsp;&nbsp;&nbsp;smpc_pairing_csrk_exch (via Veneer)
<LI><a href="#[273]">&gt;&gt;</a>&nbsp;&nbsp;&nbsp;smpc_handle_dh_key_check_complete (via Veneer)
<LI><a href="#[2e8]">&gt;&gt;</a>&nbsp;&nbsp;&nbsp;smpc_calc_confirm_cont (via Veneer)
<LI><a href="#[6d]">&gt;&gt;</a>&nbsp;&nbsp;&nbsp;gattc_write_req_ind_handler (via Veneer)
<LI><a href="#[58]">&gt;&gt;</a>&nbsp;&nbsp;&nbsp;gattc_read_ind_handler (via Veneer)
<LI><a href="#[70]">&gt;&gt;</a>&nbsp;&nbsp;&nbsp;gapc_get_dev_info_cfm_handler (via Veneer)
<LI><a href="#[1f1]">&gt;&gt;</a>&nbsp;&nbsp;&nbsp;attc_send_read_ind (via Veneer)
<LI><a href="#[11d]">&gt;&gt;</a>&nbsp;&nbsp;&nbsp;attc_rd_rsp_handler (via Veneer)
<LI><a href="#[11e]">&gt;&gt;</a>&nbsp;&nbsp;&nbsp;attc_rd_mult_rsp_handler (via Veneer)
<LI><a href="#[11b]">&gt;&gt;</a>&nbsp;&nbsp;&nbsp;attc_rd_by_type_rsp_handler (via Veneer)
<LI><a href="#[11c]">&gt;&gt;</a>&nbsp;&nbsp;&nbsp;attc_rd_by_grp_type_rsp_handler (via Veneer)
<LI><a href="#[123]">&gt;&gt;</a>&nbsp;&nbsp;&nbsp;attc_hdl_val_ntf_ind_handler (via Veneer)
<LI><a href="#[119]">&gt;&gt;</a>&nbsp;&nbsp;&nbsp;attc_find_info_rsp_handler (via Veneer)
<LI><a href="#[11a]">&gt;&gt;</a>&nbsp;&nbsp;&nbsp;attc_find_by_type_rsp_handler (via Veneer)
<LI><a href="#[115]">&gt;&gt;</a>&nbsp;&nbsp;&nbsp;smpc_recv_public_key_pdu (via Veneer)
<LI><a href="#[10d]">&gt;&gt;</a>&nbsp;&nbsp;&nbsp;smpc_recv_pair_rand_pdu (via Veneer)
<LI><a href="#[10c]">&gt;&gt;</a>&nbsp;&nbsp;&nbsp;smpc_recv_pair_cfm_pdu (via Veneer)
<LI><a href="#[111]">&gt;&gt;</a>&nbsp;&nbsp;&nbsp;smpc_recv_id_info_pdu (via Veneer)
<LI><a href="#[10f]">&gt;&gt;</a>&nbsp;&nbsp;&nbsp;smpc_recv_enc_info_pdu (via Veneer)
<LI><a href="#[116]">&gt;&gt;</a>&nbsp;&nbsp;&nbsp;smpc_recv_dhkey_check_pdu (via Veneer)
<LI><a href="#[105]">&gt;&gt;</a>&nbsp;&nbsp;&nbsp;smpc_construct_sign_info_pdu (via Veneer)
<LI><a href="#[ff]">&gt;&gt;</a>&nbsp;&nbsp;&nbsp;smpc_construct_pair_rand_pdu (via Veneer)
<LI><a href="#[fe]">&gt;&gt;</a>&nbsp;&nbsp;&nbsp;smpc_construct_pair_cfm_pdu (via Veneer)
<LI><a href="#[103]">&gt;&gt;</a>&nbsp;&nbsp;&nbsp;smpc_construct_id_info_pdu (via Veneer)
<LI><a href="#[101]">&gt;&gt;</a>&nbsp;&nbsp;&nbsp;smpc_construct_enc_info_pdu (via Veneer)
<LI><a href="#[108]">&gt;&gt;</a>&nbsp;&nbsp;&nbsp;smpc_construct_dhkey_check_pdu (via Veneer)
<LI><a href="#[36a]">&gt;&gt;</a>&nbsp;&nbsp;&nbsp;smpc_aes_cmac_continue (via Veneer)
<LI><a href="#[367]">&gt;&gt;</a>&nbsp;&nbsp;&nbsp;smpc_aes_cmac_complete (via Veneer)
<LI><a href="#[373]">&gt;&gt;</a>&nbsp;&nbsp;&nbsp;smpc_g2_init (via Veneer)
<LI><a href="#[384]">&gt;&gt;</a>&nbsp;&nbsp;&nbsp;smpc_f4_Init (via Veneer)
<LI><a href="#[2d8]">&gt;&gt;</a>&nbsp;&nbsp;&nbsp;gapm_smp_resolv_op_cont (via Veneer)
<LI><a href="#[26]">&gt;&gt;</a>&nbsp;&nbsp;&nbsp;gapm_smp_encrypt_rsp (via Veneer)
<LI><a href="#[2df]">&gt;&gt;</a>&nbsp;&nbsp;&nbsp;gapm_scan_store_fragment (via Veneer)
<LI><a href="#[2dc]">&gt;&gt;</a>&nbsp;&nbsp;&nbsp;gapm_scan_send_adv_report_ind (via Veneer)
<LI><a href="#[2d1]">&gt;&gt;</a>&nbsp;&nbsp;&nbsp;gapm_per_sync_send_adv_report_ind (via Veneer)
<LI><a href="#[2ca]">&gt;&gt;</a>&nbsp;&nbsp;&nbsp;gapm_list_add_next_entry (via Veneer)
<LI><a href="#[1d]">&gt;&gt;</a>&nbsp;&nbsp;&nbsp;gapm_init_start (via Veneer)
<LI><a href="#[2af]">&gt;&gt;</a>&nbsp;&nbsp;&nbsp;gapm_adv_send_hci_le_set_per_adv_data_cmd (via Veneer)
<LI><a href="#[2ae]">&gt;&gt;</a>&nbsp;&nbsp;&nbsp;gapm_adv_send_hci_le_set_ext_scan_rsp_data_cmd (via Veneer)
<LI><a href="#[2ac]">&gt;&gt;</a>&nbsp;&nbsp;&nbsp;gapm_adv_send_hci_le_set_ext_adv_data_cmd (via Veneer)
</UL>

<P><STRONG><a name="[1fe]"></a>__aeabi_memcpy4</STRONG> (Thumb, 0 bytes, Stack size 0 bytes, syscall.txt(ABSOLUTE))
<BR><BR>[Called By]<UL><LI><a href="#[18a]">&gt;&gt;</a>&nbsp;&nbsp;&nbsp;gatt_discovery_peer_svc (via Veneer)
<LI><a href="#[2ea]">&gt;&gt;</a>&nbsp;&nbsp;&nbsp;gatt_profile_task_add (via Veneer)
<LI><a href="#[1fc]">&gt;&gt;</a>&nbsp;&nbsp;&nbsp;attm_get_value (via Veneer)
<LI><a href="#[9c]">&gt;&gt;</a>&nbsp;&nbsp;&nbsp;gapm_set_dev_config_cmd_handler (via Veneer)
</UL>

<P><STRONG><a name="[31e]"></a>__aeabi_memset</STRONG> (Thumb, 0 bytes, Stack size 0 bytes, syscall.txt(ABSOLUTE))
<BR><BR>[Called By]<UL><LI><a href="#[1]">&gt;&gt;</a>&nbsp;&nbsp;&nbsp;jump_table_memmory_init (via Veneer)
</UL>

<P><STRONG><a name="[22c]"></a>__aeabi_memclr</STRONG> (Thumb, 0 bytes, Stack size 0 bytes, syscall.txt(ABSOLUTE))
<BR><BR>[Called By]<UL><LI><a href="#[1da]">&gt;&gt;</a>&nbsp;&nbsp;&nbsp;ble_sec_init (via Veneer)
<LI><a href="#[1bc]">&gt;&gt;</a>&nbsp;&nbsp;&nbsp;ble_gap_set_dev_config (via Veneer)
<LI><a href="#[2ec]">&gt;&gt;</a>&nbsp;&nbsp;&nbsp;os_zalloc (via Veneer)
<LI><a href="#[2f3]">&gt;&gt;</a>&nbsp;&nbsp;&nbsp;gatt_load_peer_svc_from_flash (via Veneer)
<LI><a href="#[26b]">&gt;&gt;</a>&nbsp;&nbsp;&nbsp;gatt_clear_remote_svc (via Veneer)
<LI><a href="#[22b]">&gt;&gt;</a>&nbsp;&nbsp;&nbsp;ble_bond_init (via Veneer)
<LI><a href="#[49]">&gt;&gt;</a>&nbsp;&nbsp;&nbsp;gapc_bond_req_ind_handler (via Veneer)
<LI><a href="#[22d]">&gt;&gt;</a>&nbsp;&nbsp;&nbsp;ble_bond_read_info_from_flash (via Veneer)
<LI><a href="#[38a]">&gt;&gt;</a>&nbsp;&nbsp;&nbsp;smpc_generate_l (via Veneer)
<LI><a href="#[289]">&gt;&gt;</a>&nbsp;&nbsp;&nbsp;smpc_sign_command (via Veneer)
<LI><a href="#[2c0]">&gt;&gt;</a>&nbsp;&nbsp;&nbsp;smpc_confirm_gen_rand (via Veneer)
<LI><a href="#[36a]">&gt;&gt;</a>&nbsp;&nbsp;&nbsp;smpc_aes_cmac_continue (via Veneer)
<LI><a href="#[2da]">&gt;&gt;</a>&nbsp;&nbsp;&nbsp;gapm_scan_add_to_filter (via Veneer)
</UL>

<P><STRONG><a name="[192]"></a>__aeabi_memclr4</STRONG> (Thumb, 0 bytes, Stack size 0 bytes, syscall.txt(ABSOLUTE))
<BR><BR>[Called By]<UL><LI><a href="#[243]">&gt;&gt;</a>&nbsp;&nbsp;&nbsp;dis_flash_data (via Veneer)
<LI><a href="#[242]">&gt;&gt;</a>&nbsp;&nbsp;&nbsp;device_name_init (via Veneer)
<LI><a href="#[234]">&gt;&gt;</a>&nbsp;&nbsp;&nbsp;ble_stack_configure (via Veneer)
<LI><a href="#[19f]">&gt;&gt;</a>&nbsp;&nbsp;&nbsp;app_otas_recv_data (via Veneer)
<LI><a href="#[146]">&gt;&gt;</a>&nbsp;&nbsp;&nbsp;app_main (via Veneer)
<LI><a href="#[18]">&gt;&gt;</a>&nbsp;&nbsp;&nbsp;appm_init_imp_for_hci (via Veneer)
<LI><a href="#[7]">&gt;&gt;</a>&nbsp;&nbsp;&nbsp;appm_init_imp (via Veneer)
<LI><a href="#[2eb]">&gt;&gt;</a>&nbsp;&nbsp;&nbsp;gatt_add_client_uuid (via Veneer)
<LI><a href="#[2f4]">&gt;&gt;</a>&nbsp;&nbsp;&nbsp;gatt_msg_default_handler_imp (via Veneer)
<LI><a href="#[301]">&gt;&gt;</a>&nbsp;&nbsp;&nbsp;gattc_create (via Veneer)
<LI><a href="#[268]">&gt;&gt;</a>&nbsp;&nbsp;&nbsp;gapc_con_create (via Veneer)
<LI><a href="#[291]">&gt;&gt;</a>&nbsp;&nbsp;&nbsp;gapm_actv_alloc (via Veneer)
<LI><a href="#[25d]">&gt;&gt;</a>&nbsp;&nbsp;&nbsp;smpc_pairing_start (via Veneer)
<LI><a href="#[25c]">&gt;&gt;</a>&nbsp;&nbsp;&nbsp;smpc_pairing_req_handler (via Veneer)
<LI><a href="#[2a7]">&gt;&gt;</a>&nbsp;&nbsp;&nbsp;gapm_adv_check_data_sanity (via Veneer)
</UL>

<P><STRONG><a name="[1ec]"></a>memcmp</STRONG> (Thumb, 0 bytes, Stack size 0 bytes, syscall.txt(ABSOLUTE))
<BR><BR>[Called By]<UL><LI><a href="#[15c]">&gt;&gt;</a>&nbsp;&nbsp;&nbsp;findAppID (via Veneer)
<LI><a href="#[2b3]">&gt;&gt;</a>&nbsp;&nbsp;&nbsp;jump_table_set_static_keys (via Veneer)
<LI><a href="#[2b4]">&gt;&gt;</a>&nbsp;&nbsp;&nbsp;jump_table_get_static_keys (via Veneer)
<LI><a href="#[1ed]">&gt;&gt;</a>&nbsp;&nbsp;&nbsp;attm_uuid_comp (via Veneer)
<LI><a href="#[268]">&gt;&gt;</a>&nbsp;&nbsp;&nbsp;gapc_con_create (via Veneer)
<LI><a href="#[231]">&gt;&gt;</a>&nbsp;&nbsp;&nbsp;ble_sec_check_ediv_rand (via Veneer)
<LI><a href="#[22e]">&gt;&gt;</a>&nbsp;&nbsp;&nbsp;ble_bond_write_info_to_flash (via Veneer)
<LI><a href="#[15]">&gt;&gt;</a>&nbsp;&nbsp;&nbsp;ble_bond_addr_resolve_cb (via Veneer)
<LI><a href="#[229]">&gt;&gt;</a>&nbsp;&nbsp;&nbsp;ble_bond_check (via Veneer)
<LI><a href="#[b9]">&gt;&gt;</a>&nbsp;&nbsp;&nbsp;atts_find_by_type_req (via Veneer)
<LI><a href="#[90]">&gt;&gt;</a>&nbsp;&nbsp;&nbsp;hci_le_ext_adv_report_evt_handler (via Veneer)
<LI><a href="#[2e9]">&gt;&gt;</a>&nbsp;&nbsp;&nbsp;smpc_sign_cont (via Veneer)
<LI><a href="#[2e8]">&gt;&gt;</a>&nbsp;&nbsp;&nbsp;smpc_calc_confirm_cont (via Veneer)
<LI><a href="#[120]">&gt;&gt;</a>&nbsp;&nbsp;&nbsp;attc_prep_wr_rsp_handler (via Veneer)
<LI><a href="#[2d8]">&gt;&gt;</a>&nbsp;&nbsp;&nbsp;gapm_smp_resolv_op_cont (via Veneer)
<LI><a href="#[2db]">&gt;&gt;</a>&nbsp;&nbsp;&nbsp;gapm_scan_filter_packet (via Veneer)
<LI><a href="#[2da]">&gt;&gt;</a>&nbsp;&nbsp;&nbsp;gapm_scan_add_to_filter (via Veneer)
</UL>

<P><STRONG><a name="[449]"></a>aes_ccm</STRONG> (Thumb, 0 bytes, Stack size 0 bytes, syscall.txt(ABSOLUTE), UNUSED)
<BR><BR>[Called By]<UL></UL>

<P><STRONG><a name="[44b]"></a>aes_cmac</STRONG> (Thumb, 0 bytes, Stack size 0 bytes, syscall.txt(ABSOLUTE), UNUSED)
<BR><BR>[Called By]<UL></UL>

<P><STRONG><a name="[2e5]"></a>aes_encrypt</STRONG> (Thumb, 0 bytes, Stack size 0 bytes, syscall.txt(ABSOLUTE))
<BR><BR>[Called By]<UL><LI><a href="#[2e4]">&gt;&gt;</a>&nbsp;&nbsp;&nbsp;gapm_smp_encrypt_req (via Veneer)
</UL>

<P><STRONG><a name="[459]"></a>aes_init</STRONG> (Thumb, 0 bytes, Stack size 0 bytes, syscall.txt(ABSOLUTE), UNUSED)
<BR><BR>[Called By]<UL></UL>

<P><STRONG><a name="[44d]"></a>aes_k1</STRONG> (Thumb, 0 bytes, Stack size 0 bytes, syscall.txt(ABSOLUTE), UNUSED)
<BR><BR>[Called By]<UL></UL>

<P><STRONG><a name="[44f]"></a>aes_k2</STRONG> (Thumb, 0 bytes, Stack size 0 bytes, syscall.txt(ABSOLUTE), UNUSED)
<BR><BR>[Called By]<UL></UL>

<P><STRONG><a name="[451]"></a>aes_k3</STRONG> (Thumb, 0 bytes, Stack size 0 bytes, syscall.txt(ABSOLUTE), UNUSED)
<BR><BR>[Called By]<UL></UL>

<P><STRONG><a name="[453]"></a>aes_k4</STRONG> (Thumb, 0 bytes, Stack size 0 bytes, syscall.txt(ABSOLUTE), UNUSED)
<BR><BR>[Called By]<UL></UL>

<P><STRONG><a name="[2e6]"></a>aes_rand</STRONG> (Thumb, 0 bytes, Stack size 0 bytes, syscall.txt(ABSOLUTE))
<BR><BR>[Called By]<UL><LI><a href="#[2bf]">&gt;&gt;</a>&nbsp;&nbsp;&nbsp;gapm_smp_rand_req (via Veneer)
</UL>

<P><STRONG><a name="[41e]"></a>aes_result_handler</STRONG> (Thumb, 0 bytes, Stack size 0 bytes, syscall.txt(ABSOLUTE), UNUSED)
<BR><BR>[Called By]<UL></UL>

<P><STRONG><a name="[456]"></a>aes_s1</STRONG> (Thumb, 0 bytes, Stack size 0 bytes, syscall.txt(ABSOLUTE), UNUSED)
<BR><BR>[Called By]<UL></UL>

<P><STRONG><a name="[193]"></a>app_boot_get_storage_type</STRONG> (Thumb, 0 bytes, Stack size 0 bytes, syscall.txt(ABSOLUTE))
<BR><BR>[Called By]<UL><LI><a href="#[19f]">&gt;&gt;</a>&nbsp;&nbsp;&nbsp;app_otas_recv_data (via Veneer)
<LI><a href="#[146]">&gt;&gt;</a>&nbsp;&nbsp;&nbsp;app_main (via Veneer)
</UL>

<P><STRONG><a name="[19e]"></a>app_boot_load_data</STRONG> (Thumb, 0 bytes, Stack size 0 bytes, syscall.txt(ABSOLUTE))
<BR><BR>[Called By]<UL><LI><a href="#[19f]">&gt;&gt;</a>&nbsp;&nbsp;&nbsp;app_otas_recv_data (via Veneer)
<LI><a href="#[19d]">&gt;&gt;</a>&nbsp;&nbsp;&nbsp;app_otas_read_data (via Veneer)
</UL>

<P><STRONG><a name="[32c]"></a>ble_util_buf_acl_tx_alloc</STRONG> (Thumb, 0 bytes, Stack size 0 bytes, syscall.txt(ABSOLUTE))
<BR><BR>[Called By]<UL><LI><a href="#[3ce]">&gt;&gt;</a>&nbsp;&nbsp;&nbsp;calib_lld_send (via Veneer)
<LI><a href="#[32b]">&gt;&gt;</a>&nbsp;&nbsp;&nbsp;l2cc_data_send (via Veneer)
</UL>

<P><STRONG><a name="[32f]"></a>ble_util_buf_acl_tx_free</STRONG> (Thumb, 0 bytes, Stack size 0 bytes, syscall.txt(ABSOLUTE))
<BR><BR>[Called By]<UL><LI><a href="#[3cd]">&gt;&gt;</a>&nbsp;&nbsp;&nbsp;calib_lld_evt_end_isr (via Veneer)
<LI><a href="#[3d3]">&gt;&gt;</a>&nbsp;&nbsp;&nbsp;calib_lld_cancel (via Veneer)
<LI><a href="#[32b]">&gt;&gt;</a>&nbsp;&nbsp;&nbsp;l2cc_data_send (via Veneer)
</UL>

<P><STRONG><a name="[236]"></a>ble_util_buf_init_env</STRONG> (Thumb, 0 bytes, Stack size 0 bytes, syscall.txt(ABSOLUTE))
<BR><BR>[Called By]<UL><LI><a href="#[234]">&gt;&gt;</a>&nbsp;&nbsp;&nbsp;ble_stack_configure (via Veneer)
</UL>

<P><STRONG><a name="[313]"></a>ble_util_buf_rx_free</STRONG> (Thumb, 0 bytes, Stack size 0 bytes, syscall.txt(ABSOLUTE))
<BR><BR>[Called By]<UL><LI><a href="#[52]">&gt;&gt;</a>&nbsp;&nbsp;&nbsp;hci_acl_data_handler (via Veneer)
</UL>

<P><STRONG><a name="[197]"></a>co_delay_100us</STRONG> (Thumb, 0 bytes, Stack size 0 bytes, syscall.txt(ABSOLUTE))
<BR><BR>[Called By]<UL><LI><a href="#[3a2]">&gt;&gt;</a>&nbsp;&nbsp;&nbsp;user_entry_before_sleep_imp (via Veneer)
<LI><a href="#[19c]">&gt;&gt;</a>&nbsp;&nbsp;&nbsp;user_main (via Veneer)
<LI><a href="#[3b1]">&gt;&gt;</a>&nbsp;&nbsp;&nbsp;system_lvd_protect_handle (via Veneer)
<LI><a href="#[3c1]">&gt;&gt;</a>&nbsp;&nbsp;&nbsp;flash_protect_disable (via Veneer)
<LI><a href="#[3c0]">&gt;&gt;</a>&nbsp;&nbsp;&nbsp;flash_protect_enable (via Veneer)
<LI><a href="#[3bd]">&gt;&gt;</a>&nbsp;&nbsp;&nbsp;system_enable_internal_flash_q_read (via Veneer)
<LI><a href="#[3b7]">&gt;&gt;</a>&nbsp;&nbsp;&nbsp;flash_wait_wel_clear (via Veneer)
<LI><a href="#[146]">&gt;&gt;</a>&nbsp;&nbsp;&nbsp;app_main (via Veneer)
</UL>

<P><STRONG><a name="[34a]"></a>co_delay_10us</STRONG> (Thumb, 0 bytes, Stack size 0 bytes, syscall.txt(ABSOLUTE))
<BR><BR>[Called By]<UL><LI><a href="#[359]">&gt;&gt;</a>&nbsp;&nbsp;&nbsp;pmu_sub_init (via Veneer)
<LI><a href="#[34b]">&gt;&gt;</a>&nbsp;&nbsp;&nbsp;pmu_clear_isr_state (via Veneer)
<LI><a href="#[35a]">&gt;&gt;</a>&nbsp;&nbsp;&nbsp;system_osc_doubler_calibration (via Veneer)
<LI><a href="#[35b]">&gt;&gt;</a>&nbsp;&nbsp;&nbsp;pmu_calibration_start (via Veneer)
<LI><a href="#[349]">&gt;&gt;</a>&nbsp;&nbsp;&nbsp;pmu_calibration_restart (via Veneer)
<LI><a href="#[3bc]">&gt;&gt;</a>&nbsp;&nbsp;&nbsp;flash_OTP_erase (via Veneer)
<LI><a href="#[3bb]">&gt;&gt;</a>&nbsp;&nbsp;&nbsp;flash_OTP_write (via Veneer)
</UL>

<P><STRONG><a name="[308]"></a>co_list_extract</STRONG> (Thumb, 0 bytes, Stack size 0 bytes, syscall.txt(ABSOLUTE))
<BR><BR>[Called By]<UL><LI><a href="#[cb]">&gt;&gt;</a>&nbsp;&nbsp;&nbsp;gattc_reg_to_peer_evt_cmd_handler (via Veneer)
</UL>

<P><STRONG><a name="[441]"></a>co_list_find</STRONG> (Thumb, 0 bytes, Stack size 0 bytes, syscall.txt(ABSOLUTE), UNUSED)
<BR><BR>[Called By]<UL></UL>

<P><STRONG><a name="[1d8]"></a>co_list_init</STRONG> (Thumb, 0 bytes, Stack size 0 bytes, syscall.txt(ABSOLUTE))
<BR><BR>[Called By]<UL><LI><a href="#[18]">&gt;&gt;</a>&nbsp;&nbsp;&nbsp;appm_init_imp_for_hci (via Veneer)
<LI><a href="#[7]">&gt;&gt;</a>&nbsp;&nbsp;&nbsp;appm_init_imp (via Veneer)
<LI><a href="#[301]">&gt;&gt;</a>&nbsp;&nbsp;&nbsp;gattc_create (via Veneer)
<LI><a href="#[32a]">&gt;&gt;</a>&nbsp;&nbsp;&nbsp;l2cc_create (via Veneer)
<LI><a href="#[1f1]">&gt;&gt;</a>&nbsp;&nbsp;&nbsp;attc_send_read_ind (via Veneer)
</UL>

<P><STRONG><a name="[223]"></a>co_list_insert_before</STRONG> (Thumb, 0 bytes, Stack size 0 bytes, syscall.txt(ABSOLUTE))
<BR><BR>[Called By]<UL><LI><a href="#[220]">&gt;&gt;</a>&nbsp;&nbsp;&nbsp;atts_store_prep_data (via Veneer)
</UL>

<P><STRONG><a name="[1d5]"></a>co_list_pop_front</STRONG> (Thumb, 0 bytes, Stack size 0 bytes, syscall.txt(ABSOLUTE))
<BR><BR>[Called By]<UL><LI><a href="#[1d4]">&gt;&gt;</a>&nbsp;&nbsp;&nbsp;appm_exc_activity_cmp (via Veneer)
<LI><a href="#[21f]">&gt;&gt;</a>&nbsp;&nbsp;&nbsp;atts_process_pdu (via Veneer)
<LI><a href="#[211]">&gt;&gt;</a>&nbsp;&nbsp;&nbsp;atts_clear_rsp_data (via Veneer)
<LI><a href="#[20f]">&gt;&gt;</a>&nbsp;&nbsp;&nbsp;atts_clear_prep_data (via Veneer)
<LI><a href="#[2fd]">&gt;&gt;</a>&nbsp;&nbsp;&nbsp;gattc_cleanup (via Veneer)
<LI><a href="#[2fe]">&gt;&gt;</a>&nbsp;&nbsp;&nbsp;gattc_operation_cleanup (via Veneer)
<LI><a href="#[32b]">&gt;&gt;</a>&nbsp;&nbsp;&nbsp;l2cc_data_send (via Veneer)
<LI><a href="#[327]">&gt;&gt;</a>&nbsp;&nbsp;&nbsp;l2cc_cleanup (via Veneer)
<LI><a href="#[d4]">&gt;&gt;</a>&nbsp;&nbsp;&nbsp;gattc_write_cfm_handler (via Veneer)
<LI><a href="#[ce]">&gt;&gt;</a>&nbsp;&nbsp;&nbsp;gattc_cmp_evt_handler (via Veneer)
<LI><a href="#[d5]">&gt;&gt;</a>&nbsp;&nbsp;&nbsp;gattc_att_info_cfm_handler (via Veneer)
<LI><a href="#[dc]">&gt;&gt;</a>&nbsp;&nbsp;&nbsp;gapc_cmp_evt_handler (via Veneer)
<LI><a href="#[c2]">&gt;&gt;</a>&nbsp;&nbsp;&nbsp;atts_prepare_write_req (via Veneer)
<LI><a href="#[c3]">&gt;&gt;</a>&nbsp;&nbsp;&nbsp;atts_execute_write_req (via Veneer)
<LI><a href="#[298]">&gt;&gt;</a>&nbsp;&nbsp;&nbsp;gapm_per_sync_clear_fragments (via Veneer)
<LI><a href="#[11d]">&gt;&gt;</a>&nbsp;&nbsp;&nbsp;attc_rd_rsp_handler (via Veneer)
<LI><a href="#[2dc]">&gt;&gt;</a>&nbsp;&nbsp;&nbsp;gapm_scan_send_adv_report_ind (via Veneer)
<LI><a href="#[2d9]">&gt;&gt;</a>&nbsp;&nbsp;&nbsp;gapm_scan_clear_fragments (via Veneer)
<LI><a href="#[2d1]">&gt;&gt;</a>&nbsp;&nbsp;&nbsp;gapm_per_sync_send_adv_report_ind (via Veneer)
</UL>

<P><STRONG><a name="[1d7]"></a>co_list_push_back</STRONG> (Thumb, 0 bytes, Stack size 0 bytes, syscall.txt(ABSOLUTE))
<BR><BR>[Called By]<UL><LI><a href="#[1d3]">&gt;&gt;</a>&nbsp;&nbsp;&nbsp;appm_execute_activity_cmd (via Veneer)
<LI><a href="#[4e]">&gt;&gt;</a>&nbsp;&nbsp;&nbsp;l2cc_pdu_send_cmd_handler (via Veneer)
<LI><a href="#[50]">&gt;&gt;</a>&nbsp;&nbsp;&nbsp;l2cc_dbg_pdu_send_cmd_handler (via Veneer)
<LI><a href="#[cb]">&gt;&gt;</a>&nbsp;&nbsp;&nbsp;gattc_reg_to_peer_evt_cmd_handler (via Veneer)
<LI><a href="#[cf]">&gt;&gt;</a>&nbsp;&nbsp;&nbsp;gattc_disc_svc_ind_handler (via Veneer)
<LI><a href="#[21d]">&gt;&gt;</a>&nbsp;&nbsp;&nbsp;atts_l2cc_pdu_recv_handler (via Veneer)
<LI><a href="#[220]">&gt;&gt;</a>&nbsp;&nbsp;&nbsp;atts_store_prep_data (via Veneer)
<LI><a href="#[be]">&gt;&gt;</a>&nbsp;&nbsp;&nbsp;atts_read_mult_req (via Veneer)
<LI><a href="#[ba]">&gt;&gt;</a>&nbsp;&nbsp;&nbsp;atts_read_by_type_req (via Veneer)
<LI><a href="#[bb]">&gt;&gt;</a>&nbsp;&nbsp;&nbsp;atts_read_by_grp_type_req (via Veneer)
<LI><a href="#[b8]">&gt;&gt;</a>&nbsp;&nbsp;&nbsp;atts_find_info_req (via Veneer)
<LI><a href="#[b9]">&gt;&gt;</a>&nbsp;&nbsp;&nbsp;atts_find_by_type_req (via Veneer)
<LI><a href="#[93]">&gt;&gt;</a>&nbsp;&nbsp;&nbsp;hci_le_per_adv_report_evt_handler (via Veneer)
<LI><a href="#[11d]">&gt;&gt;</a>&nbsp;&nbsp;&nbsp;attc_rd_rsp_handler (via Veneer)
<LI><a href="#[11b]">&gt;&gt;</a>&nbsp;&nbsp;&nbsp;attc_rd_by_type_rsp_handler (via Veneer)
<LI><a href="#[2df]">&gt;&gt;</a>&nbsp;&nbsp;&nbsp;gapm_scan_store_fragment (via Veneer)
</UL>

<P><STRONG><a name="[221]"></a>co_list_push_front</STRONG> (Thumb, 0 bytes, Stack size 0 bytes, syscall.txt(ABSOLUTE))
<BR><BR>[Called By]<UL><LI><a href="#[ce]">&gt;&gt;</a>&nbsp;&nbsp;&nbsp;gattc_cmp_evt_handler (via Veneer)
<LI><a href="#[c2]">&gt;&gt;</a>&nbsp;&nbsp;&nbsp;atts_prepare_write_req (via Veneer)
</UL>

<P><STRONG><a name="[215]"></a>co_list_size</STRONG> (Thumb, 0 bytes, Stack size 0 bytes, syscall.txt(ABSOLUTE))
<BR><BR>[Called By]<UL><LI><a href="#[be]">&gt;&gt;</a>&nbsp;&nbsp;&nbsp;atts_read_mult_req (via Veneer)
<LI><a href="#[ba]">&gt;&gt;</a>&nbsp;&nbsp;&nbsp;atts_read_by_type_req (via Veneer)
<LI><a href="#[bb]">&gt;&gt;</a>&nbsp;&nbsp;&nbsp;atts_read_by_grp_type_req (via Veneer)
<LI><a href="#[b9]">&gt;&gt;</a>&nbsp;&nbsp;&nbsp;atts_find_by_type_req (via Veneer)
</UL>

<P><STRONG><a name="[155]"></a>co_printf</STRONG> (Thumb, 0 bytes, Stack size 0 bytes, syscall.txt(ABSOLUTE))
<BR><BR>[Called By]<UL><LI><a href="#[30]">&gt;&gt;</a>&nbsp;&nbsp;&nbsp;sp_gatt_msg_handler (via Veneer)
<LI><a href="#[325]">&gt;&gt;</a>&nbsp;&nbsp;&nbsp;power_on (via Veneer)
<LI><a href="#[324]">&gt;&gt;</a>&nbsp;&nbsp;&nbsp;power_off (via Veneer)
<LI><a href="#[323]">&gt;&gt;</a>&nbsp;&nbsp;&nbsp;lock_on (via Veneer)
<LI><a href="#[322]">&gt;&gt;</a>&nbsp;&nbsp;&nbsp;lock_off (via Veneer)
<LI><a href="#[15b]">&gt;&gt;</a>&nbsp;&nbsp;&nbsp;show_string (via Veneer)
<LI><a href="#[244]">&gt;&gt;</a>&nbsp;&nbsp;&nbsp;getMotorData (via Veneer)
<LI><a href="#[15c]">&gt;&gt;</a>&nbsp;&nbsp;&nbsp;findAppID (via Veneer)
<LI><a href="#[243]">&gt;&gt;</a>&nbsp;&nbsp;&nbsp;dis_flash_data (via Veneer)
<LI><a href="#[365]">&gt;&gt;</a>&nbsp;&nbsp;&nbsp;sp_gatt_add_service (via Veneer)
<LI><a href="#[18d]">&gt;&gt;</a>&nbsp;&nbsp;&nbsp;show_reg (via Veneer)
<LI><a href="#[242]">&gt;&gt;</a>&nbsp;&nbsp;&nbsp;device_name_init (via Veneer)
<LI><a href="#[171]">&gt;&gt;</a>&nbsp;&nbsp;&nbsp;appID_list_init (via Veneer)
<LI><a href="#[153]">&gt;&gt;</a>&nbsp;&nbsp;&nbsp;ANCS_gatt_add_client (via Veneer)
<LI><a href="#[1a6]">&gt;&gt;</a>&nbsp;&nbsp;&nbsp;os_timer_start (via Veneer)
<LI><a href="#[16c]">&gt;&gt;</a>&nbsp;&nbsp;&nbsp;adc_task (via Veneer)
<LI><a href="#[3a1]">&gt;&gt;</a>&nbsp;&nbsp;&nbsp;main_loop (via Veneer)
<LI><a href="#[3a3]">&gt;&gt;</a>&nbsp;&nbsp;&nbsp;user_entry_after_sleep_imp (via Veneer)
<LI><a href="#[19c]">&gt;&gt;</a>&nbsp;&nbsp;&nbsp;user_main (via Veneer)
<LI><a href="#[32]">&gt;&gt;</a>&nbsp;&nbsp;&nbsp;sleep_timer_handler (via Veneer)
<LI><a href="#[154]">&gt;&gt;</a>&nbsp;&nbsp;&nbsp;gatt_add_client (via Veneer)
<LI><a href="#[157]">&gt;&gt;</a>&nbsp;&nbsp;&nbsp;ANCS_recv_data_src (via Veneer)
<LI><a href="#[2d]">&gt;&gt;</a>&nbsp;&nbsp;&nbsp;ota_gatt_msg_handler (via Veneer)
<LI><a href="#[1ac]">&gt;&gt;</a>&nbsp;&nbsp;&nbsp;ota_stop (via Veneer)
<LI><a href="#[1a4]">&gt;&gt;</a>&nbsp;&nbsp;&nbsp;ota_start (via Veneer)
<LI><a href="#[1af]">&gt;&gt;</a>&nbsp;&nbsp;&nbsp;app_otas_crc_cal (via Veneer)
<LI><a href="#[2e]">&gt;&gt;</a>&nbsp;&nbsp;&nbsp;os_timer_ota_cb (via Veneer)
<LI><a href="#[19f]">&gt;&gt;</a>&nbsp;&nbsp;&nbsp;app_otas_recv_data (via Veneer)
<LI><a href="#[1db]">&gt;&gt;</a>&nbsp;&nbsp;&nbsp;check_timer_handle (via Veneer)
<LI><a href="#[344]">&gt;&gt;</a>&nbsp;&nbsp;&nbsp;timer_insert (via Veneer)
<LI><a href="#[2f6]">&gt;&gt;</a>&nbsp;&nbsp;&nbsp;os_msg_post (via Veneer)
<LI><a href="#[2eb]">&gt;&gt;</a>&nbsp;&nbsp;&nbsp;gatt_add_client_uuid (via Veneer)
<LI><a href="#[2f7]">&gt;&gt;</a>&nbsp;&nbsp;&nbsp;gatt_store_peer_prf_info (via Veneer)
<LI><a href="#[142]">&gt;&gt;</a>&nbsp;&nbsp;&nbsp;gatt_service_init (via Veneer)
<LI><a href="#[22b]">&gt;&gt;</a>&nbsp;&nbsp;&nbsp;ble_bond_init (via Veneer)
<LI><a href="#[4b]">&gt;&gt;</a>&nbsp;&nbsp;&nbsp;gapc_encrypt_req_ind_handler (via Veneer)
<LI><a href="#[17]">&gt;&gt;</a>&nbsp;&nbsp;&nbsp;ble_bond_store_info (via Veneer)
<LI><a href="#[16]">&gt;&gt;</a>&nbsp;&nbsp;&nbsp;ble_bond_get_info (via Veneer)
<LI><a href="#[2d5]">&gt;&gt;</a>&nbsp;&nbsp;&nbsp;mesh_set_runtime (via Veneer)
</UL>

<P><STRONG><a name="[1ae]"></a>crc32</STRONG> (Thumb, 0 bytes, Stack size 0 bytes, syscall.txt(ABSOLUTE))
<BR><BR>[Called By]<UL><LI><a href="#[19f]">&gt;&gt;</a>&nbsp;&nbsp;&nbsp;app_otas_recv_data (via Veneer)
</UL>

<P><STRONG><a name="[235]"></a>em_ble_generate_base_address_table</STRONG> (Thumb, 0 bytes, Stack size 0 bytes, syscall.txt(ABSOLUTE))
<BR><BR>[Called By]<UL><LI><a href="#[234]">&gt;&gt;</a>&nbsp;&nbsp;&nbsp;ble_stack_configure (via Veneer)
</UL>

[...]
</UL>
<BR>[Calls]<UL><LI><a href="#[253]">&gt;&gt;</a>&nbsp;&nbsp;&nbsp;gapc_get_role
<LI><a href="#[21c]">&gt;&gt;</a>&nbsp;&nbsp;&nbsp;gapc_enc_keysize_get
<LI><a href="#[398]">&gt;&gt;</a>&nbsp;&nbsp;&nbsp;smpc_tkdp_rcp_continue
<LI><a href="#[392]">&gt;&gt;</a>&nbsp;&nbsp;&nbsp;smpc_send_pairing_ind
</UL>
<BR>[Address Reference Count : 1]<UL><LI> smpc_util.o(.constdata)
</UL>
<P><STRONG><a name="[10c]"></a>smpc_recv_pair_cfm_pdu</STRONG> (Thumb, 240 bytes, Stack size 24 bytes, smpc_util.o(i.smpc_recv_pair_cfm_pdu))
<BR><BR>[Stack]<UL><LI>Max Depth = 80<LI>Call Chain = smpc_recv_pair_cfm_pdu &rArr; smpc_pdu_send &rArr; l2cc_pdu_alloc
</UL>
<BR>[Calls]<UL><LI><a href="#[186]">&gt;&gt;</a>&nbsp;&nbsp;&nbsp;__aeabi_memcpy (via Veneer)
<LI><a href="#[253]">&gt;&gt;</a>&nbsp;&nbsp;&nbsp;gapc_get_role
<LI><a href="#[317]">&gt;&gt;</a>&nbsp;&nbsp;&nbsp;smpc_secure_connections_enabled
<LI><a href="#[374]">&gt;&gt;</a>&nbsp;&nbsp;&nbsp;smpc_generate_rand
<LI><a href="#[252]">&gt;&gt;</a>&nbsp;&nbsp;&nbsp;smpc_pdu_send
</UL>
<BR>[Address Reference Count : 1]<UL><LI> smpc_util.o(.constdata)
</UL>
<P><STRONG><a name="[10e]"></a>smpc_recv_pair_fail_pdu</STRONG> (Thumb, 58 bytes, Stack size 16 bytes, smpc_util.o(i.smpc_recv_pair_fail_pdu))
<BR><BR>[Stack]<UL><LI>Max Depth = 112<LI>Call Chain = smpc_recv_pair_fail_pdu &rArr; smpc_pairing_end &rArr; gapc_send_complete_evt &rArr; gapc_operation_cleanup &rArr; smpc_clear_timeout_timer
</UL>
<BR>[Calls]<UL><LI><a href="#[253]">&gt;&gt;</a>&nbsp;&nbsp;&nbsp;gapc_get_role
<LI><a href="#[392]">&gt;&gt;</a>&nbsp;&nbsp;&nbsp;smpc_send_pairing_ind
<LI><a href="#[254]">&gt;&gt;</a>&nbsp;&nbsp;&nbsp;smpc_pairing_end
</UL>
<BR>[Address Reference Count : 1]<UL><LI> smpc_util.o(.constdata)
</UL>
<P><STRONG><a name="[10d]"></a>smpc_recv_pair_rand_pdu</STRONG> (Thumb, 496 bytes, Stack size 32 bytes, smpc_util.o(i.smpc_recv_pair_rand_pdu))
<BR><BR>[Stack]<UL><LI>Max Depth = 184<LI>Call Chain = smpc_recv_pair_rand_pdu &rArr; smpc_init_mac_key_calculation &rArr; smpc_f5_init &rArr; smpc_aes_cmac_init &rArr; smpc_send_use_enc_block_cmd
</UL>
<BR>[Calls]<UL><LI><a href="#[186]">&gt;&gt;</a>&nbsp;&nbsp;&nbsp;__aeabi_memcpy (via Veneer)
<LI><a href="#[372]">&gt;&gt;</a>&nbsp;&nbsp;&nbsp;gapm_get_local_public_key
<LI><a href="#[253]">&gt;&gt;</a>&nbsp;&nbsp;&nbsp;gapc_get_role
<LI><a href="#[371]">&gt;&gt;</a>&nbsp;&nbsp;&nbsp;smpc_init_mac_key_calculation
<LI><a href="#[383]">&gt;&gt;</a>&nbsp;&nbsp;&nbsp;smpc_get_next_passkey_bit
<LI><a href="#[374]">&gt;&gt;</a>&nbsp;&nbsp;&nbsp;smpc_generate_rand
<LI><a href="#[382]">&gt;&gt;</a>&nbsp;&nbsp;&nbsp;smpc_generate_e1
<LI><a href="#[252]">&gt;&gt;</a>&nbsp;&nbsp;&nbsp;smpc_pdu_send
<LI><a href="#[373]">&gt;&gt;</a>&nbsp;&nbsp;&nbsp;smpc_g2_init
<LI><a href="#[384]">&gt;&gt;</a>&nbsp;&nbsp;&nbsp;smpc_f4_Init
</UL>
<BR>[Address Reference Count : 1]<UL><LI> smpc_util.o(.constdata)
</UL>
<P><STRONG><a name="[10a]"></a>smpc_recv_pair_req_pdu</STRONG> (Thumb, 162 bytes, Stack size 24 bytes, smpc_util.o(i.smpc_recv_pair_req_pdu))
<BR><BR>[Stack]<UL><LI>Max Depth = 80<LI>Call Chain = smpc_recv_pair_req_pdu &rArr; smpc_pdu_send &rArr; l2cc_pdu_alloc
</UL>
<BR>[Calls]<UL><LI><a href="#[1d1]">&gt;&gt;</a>&nbsp;&nbsp;&nbsp;ke_msg_send (via Veneer)
<LI><a href="#[1d0]">&gt;&gt;</a>&nbsp;&nbsp;&nbsp;ke_msg_alloc (via Veneer)
<LI><a href="#[393]">&gt;&gt;</a>&nbsp;&nbsp;&nbsp;gapm_is_sec_con_pairing_supp
<LI><a href="#[394]">&gt;&gt;</a>&nbsp;&nbsp;&nbsp;gapm_is_legacy_pairing_supp
<LI><a href="#[253]">&gt;&gt;</a>&nbsp;&nbsp;&nbsp;gapc_get_role
<LI><a href="#[392]">&gt;&gt;</a>&nbsp;&nbsp;&nbsp;smpc_send_pairing_ind
<LI><a href="#[380]">&gt;&gt;</a>&nbsp;&nbsp;&nbsp;smpc_check_repeated_attempts
<LI><a href="#[252]">&gt;&gt;</a>&nbsp;&nbsp;&nbsp;smpc_pdu_send
</UL>
<BR>[Address Reference Count : 1]<UL><LI> smpc_util.o(.constdata)
</UL>
<P><STRONG><a name="[10b]"></a>smpc_recv_pair_rsp_pdu</STRONG> (Thumb, 292 bytes, Stack size 24 bytes, smpc_util.o(i.smpc_recv_pair_rsp_pdu))
<BR><BR>[Stack]<UL><LI>Max Depth = 120<LI>Call Chain = smpc_recv_pair_rsp_pdu &rArr; smpc_pairing_end &rArr; gapc_send_complete_evt &rArr; gapc_operation_cleanup &rArr; smpc_clear_timeout_timer
</UL>
<BR>[Calls]<UL><LI><a href="#[394]">&gt;&gt;</a>&nbsp;&nbsp;&nbsp;gapm_is_legacy_pairing_supp
<LI><a href="#[372]">&gt;&gt;</a>&nbsp;&nbsp;&nbsp;gapm_get_local_public_key
<LI><a href="#[253]">&gt;&gt;</a>&nbsp;&nbsp;&nbsp;gapc_get_role
<LI><a href="#[376]">&gt;&gt;</a>&nbsp;&nbsp;&nbsp;smpc_send_pairing_req_ind
<LI><a href="#[317]">&gt;&gt;</a>&nbsp;&nbsp;&nbsp;smpc_secure_connections_enabled
<LI><a href="#[395]">&gt;&gt;</a>&nbsp;&nbsp;&nbsp;smpc_is_sec_mode_reached
<LI><a href="#[38b]">&gt;&gt;</a>&nbsp;&nbsp;&nbsp;smpc_get_key_sec_prop
<LI><a href="#[374]">&gt;&gt;</a>&nbsp;&nbsp;&nbsp;smpc_generate_rand
<LI><a href="#[396]">&gt;&gt;</a>&nbsp;&nbsp;&nbsp;smpc_check_pairing_feat
<LI><a href="#[37e]">&gt;&gt;</a>&nbsp;&nbsp;&nbsp;smpc_check_max_key_size
<LI><a href="#[37d]">&gt;&gt;</a>&nbsp;&nbsp;&nbsp;smpc_check_key_distrib
<LI><a href="#[252]">&gt;&gt;</a>&nbsp;&nbsp;&nbsp;smpc_pdu_send
<LI><a href="#[254]">&gt;&gt;</a>&nbsp;&nbsp;&nbsp;smpc_pairing_end
</UL>
<BR>[Address Reference Count : 1]<UL><LI> smpc_util.o(.constdata)
</UL>
<P><STRONG><a name="[115]"></a>smpc_recv_public_key_pdu</STRONG> (Thumb, 210 bytes, Stack size 24 bytes, smpc_util.o(i.smpc_recv_public_key_pdu))
<BR><BR>[Stack]<UL><LI>Max Depth = 80<LI>Call Chain = smpc_recv_public_key_pdu &rArr; smpc_pdu_send &rArr; l2cc_pdu_alloc
</UL>
<BR>[Calls]<UL><LI><a href="#[186]">&gt;&gt;</a>&nbsp;&nbsp;&nbsp;__aeabi_memcpy (via Veneer)
<LI><a href="#[175]">&gt;&gt;</a>&nbsp;&nbsp;&nbsp;log_printf_level
<LI><a href="#[176]">&gt;&gt;</a>&nbsp;&nbsp;&nbsp;log_printf
<LI><a href="#[372]">&gt;&gt;</a>&nbsp;&nbsp;&nbsp;gapm_get_local_public_key
<LI><a href="#[253]">&gt;&gt;</a>&nbsp;&nbsp;&nbsp;gapc_get_role
<LI><a href="#[376]">&gt;&gt;</a>&nbsp;&nbsp;&nbsp;smpc_send_pairing_req_ind
<LI><a href="#[399]">&gt;&gt;</a>&nbsp;&nbsp;&nbsp;smpc_send_gen_dh_key_cmd
<LI><a href="#[374]">&gt;&gt;</a>&nbsp;&nbsp;&nbsp;smpc_generate_rand
<LI><a href="#[252]">&gt;&gt;</a>&nbsp;&nbsp;&nbsp;smpc_pdu_send
</UL>
<BR>[Address Reference Count : 1]<UL><LI> smpc_util.o(.constdata)
</UL>
<P><STRONG><a name="[114]"></a>smpc_recv_sec_req_pdu</STRONG> (Thumb, 124 bytes, Stack size 24 bytes, smpc_util.o(i.smpc_recv_sec_req_pdu))
<BR><BR>[Stack]<UL><LI>Max Depth = 80<LI>Call Chain = smpc_recv_sec_req_pdu &rArr; smpc_pdu_send &rArr; l2cc_pdu_alloc
</UL>
<BR>[Calls]<UL><LI><a href="#[1d1]">&gt;&gt;</a>&nbsp;&nbsp;&nbsp;ke_msg_send (via Veneer)
<LI><a href="#[1d0]">&gt;&gt;</a>&nbsp;&nbsp;&nbsp;ke_msg_alloc (via Veneer)
<LI><a href="#[394]">&gt;&gt;</a>&nbsp;&nbsp;&nbsp;gapm_is_legacy_pairing_supp
<LI><a href="#[253]">&gt;&gt;</a>&nbsp;&nbsp;&nbsp;gapc_get_role
<LI><a href="#[1e9]">&gt;&gt;</a>&nbsp;&nbsp;&nbsp;gapc_get_dest_task
<LI><a href="#[392]">&gt;&gt;</a>&nbsp;&nbsp;&nbsp;smpc_send_pairing_ind
<LI><a href="#[380]">&gt;&gt;</a>&nbsp;&nbsp;&nbsp;smpc_check_repeated_attempts
<LI><a href="#[252]">&gt;&gt;</a>&nbsp;&nbsp;&nbsp;smpc_pdu_send
</UL>
<BR>[Address Reference Count : 1]<UL><LI> smpc_util.o(.constdata)
</UL>
<P><STRONG><a name="[113]"></a>smpc_recv_sign_info_pdu</STRONG> (Thumb, 48 bytes, Stack size 8 bytes, smpc_util.o(i.smpc_recv_sign_info_pdu))
<BR><BR>[Stack]<UL><LI>Max Depth = 128<LI>Call Chain = smpc_recv_sign_info_pdu &rArr; smpc_tkdp_rcp_continue &rArr; smpc_pairing_end &rArr; gapc_send_complete_evt &rArr; gapc_operation_cleanup &rArr; smpc_clear_timeout_timer
</UL>
<BR>[Calls]<UL><LI><a href="#[253]">&gt;&gt;</a>&nbsp;&nbsp;&nbsp;gapc_get_role
<LI><a href="#[398]">&gt;&gt;</a>&nbsp;&nbsp;&nbsp;smpc_tkdp_rcp_continue
<LI><a href="#[392]">&gt;&gt;</a>&nbsp;&nbsp;&nbsp;smpc_send_pairing_ind
</UL>
<BR>[Address Reference Count : 1]<UL><LI> smpc_util.o(.constdata)
</UL>
<P><STRONG><a name="[122]"></a>attc_err_rsp_handler</STRONG> (Thumb, 14 bytes, Stack size 8 bytes, attc.o(i.attc_err_rsp_handler))
<BR><BR>[Stack]<UL><LI>Max Depth = 48<LI>Call Chain = attc_err_rsp_handler &rArr; gattc_send_complete_evt &rArr; gattc_update_state
</UL>
<BR>[Calls]<UL><LI><a href="#[1e2]">&gt;&gt;</a>&nbsp;&nbsp;&nbsp;gattc_send_complete_evt
</UL>
<BR>[Address Reference Count : 1]<UL><LI> attc.o(.constdata)
</UL>
<P><STRONG><a name="[118]"></a>attc_exc_mtu_rsp_handler</STRONG> (Thumb, 56 bytes, Stack size 16 bytes, attc.o(i.attc_exc_mtu_rsp_handler))
<BR><BR>[Stack]<UL><LI>Max Depth = 56<LI>Call Chain = attc_exc_mtu_rsp_handler &rArr; gattc_send_complete_evt &rArr; gattc_update_state
</UL>
<BR>[Calls]<UL><LI><a href="#[1e4]">&gt;&gt;</a>&nbsp;&nbsp;&nbsp;gattc_set_mtu
<LI><a href="#[1e2]">&gt;&gt;</a>&nbsp;&nbsp;&nbsp;gattc_send_complete_evt
<LI><a href="#[1e5]">&gt;&gt;</a>&nbsp;&nbsp;&nbsp;gattc_get_operation
<LI><a href="#[1e3]">&gt;&gt;</a>&nbsp;&nbsp;&nbsp;gapm_get_max_mtu
</UL>
<BR>[Address Reference Count : 1]<UL><LI> attc.o(.constdata)
</UL>
<P><STRONG><a name="[121]"></a>attc_exe_wr_rsp_handler</STRONG> (Thumb, 56 bytes, Stack size 8 bytes, attc.o(i.attc_exe_wr_rsp_handler))
<BR><BR>[Stack]<UL><LI>Max Depth = 48<LI>Call Chain = attc_exe_wr_rsp_handler &rArr; gattc_send_complete_evt &rArr; gattc_update_state
</UL>
<BR>[Calls]<UL><LI><a href="#[1e2]">&gt;&gt;</a>&nbsp;&nbsp;&nbsp;gattc_send_complete_evt
<LI><a href="#[1e6]">&gt;&gt;</a>&nbsp;&nbsp;&nbsp;gattc_get_operation_ptr
<LI><a href="#[1e5]">&gt;&gt;</a>&nbsp;&nbsp;&nbsp;gattc_get_operation
</UL>
<BR>[Address Reference Count : 1]<UL><LI> attc.o(.constdata)
</UL>
<P><STRONG><a name="[11a]"></a>attc_find_by_type_rsp_handler</STRONG> (Thumb, 172 bytes, Stack size 32 bytes, attc.o(i.attc_find_by_type_rsp_handler))
<BR><BR>[Stack]<UL><LI>Max Depth = 72<LI>Call Chain = attc_find_by_type_rsp_handler &rArr; gattc_send_complete_evt &rArr; gattc_update_state
</UL>
<BR>[Calls]<UL><LI><a href="#[186]">&gt;&gt;</a>&nbsp;&nbsp;&nbsp;__aeabi_memcpy (via Veneer)
<LI><a href="#[1d1]">&gt;&gt;</a>&nbsp;&nbsp;&nbsp;ke_msg_send (via Veneer)
<LI><a href="#[1d0]">&gt;&gt;</a>&nbsp;&nbsp;&nbsp;ke_msg_alloc (via Veneer)
<LI><a href="#[1e2]">&gt;&gt;</a>&nbsp;&nbsp;&nbsp;gattc_send_complete_evt
<LI><a href="#[1e8]">&gt;&gt;</a>&nbsp;&nbsp;&nbsp;gattc_reschedule_operation
<LI><a href="#[1e7]">&gt;&gt;</a>&nbsp;&nbsp;&nbsp;gattc_get_requester
<LI><a href="#[1e6]">&gt;&gt;</a>&nbsp;&nbsp;&nbsp;gattc_get_operation_ptr
<LI><a href="#[1e5]">&gt;&gt;</a>&nbsp;&nbsp;&nbsp;gattc_get_operation
</UL>
<BR>[Address Reference Count : 1]<UL><LI> attc.o(.constdata)
</UL>
<P><STRONG><a name="[119]"></a>attc_find_info_rsp_handler</STRONG> (Thumb, 180 bytes, Stack size 32 bytes, attc.o(i.attc_find_info_rsp_handler))
<BR><BR>[Stack]<UL><LI>Max Depth = 72<LI>Call Chain = attc_find_info_rsp_handler &rArr; gattc_send_complete_evt &rArr; gattc_update_state
</UL>
<BR>[Calls]<UL><LI><a href="#[186]">&gt;&gt;</a>&nbsp;&nbsp;&nbsp;__aeabi_memcpy (via Veneer)
<LI><a href="#[1d1]">&gt;&gt;</a>&nbsp;&nbsp;&nbsp;ke_msg_send (via Veneer)
<LI><a href="#[1d0]">&gt;&gt;</a>&nbsp;&nbsp;&nbsp;ke_msg_alloc (via Veneer)
<LI><a href="#[1e2]">&gt;&gt;</a>&nbsp;&nbsp;&nbsp;gattc_send_complete_evt
<LI><a href="#[1e8]">&gt;&gt;</a>&nbsp;&nbsp;&nbsp;gattc_reschedule_operation
<LI><a href="#[1e7]">&gt;&gt;</a>&nbsp;&nbsp;&nbsp;gattc_get_requester
<LI><a href="#[1e6]">&gt;&gt;</a>&nbsp;&nbsp;&nbsp;gattc_get_operation_ptr
<LI><a href="#[1e5]">&gt;&gt;</a>&nbsp;&nbsp;&nbsp;gattc_get_operation
</UL>
<BR>[Address Reference Count : 1]<UL><LI> attc.o(.constdata)
</UL>
<P><STRONG><a name="[123]"></a>attc_hdl_val_ntf_ind_handler</STRONG> (Thumb, 124 bytes, Stack size 16 bytes, attc.o(i.attc_hdl_val_ntf_ind_handler))
<BR><BR>[Stack]<UL><LI>Max Depth = 16<LI>Call Chain = attc_hdl_val_ntf_ind_handler
</UL>
<BR>[Calls]<UL><LI><a href="#[186]">&gt;&gt;</a>&nbsp;&nbsp;&nbsp;__aeabi_memcpy (via Veneer)
<LI><a href="#[1d1]">&gt;&gt;</a>&nbsp;&nbsp;&nbsp;ke_msg_send (via Veneer)
<LI><a href="#[1d0]">&gt;&gt;</a>&nbsp;&nbsp;&nbsp;ke_msg_alloc (via Veneer)
<LI><a href="#[1e9]">&gt;&gt;</a>&nbsp;&nbsp;&nbsp;gapc_get_dest_task
</UL>
<BR>[Address Reference Count : 1]<UL><LI> attc.o(.constdata)
</UL>
<P><STRONG><a name="[120]"></a>attc_prep_wr_rsp_handler</STRONG> (Thumb, 96 bytes, Stack size 16 bytes, attc.o(i.attc_prep_wr_rsp_handler))
<BR><BR>[Stack]<UL><LI>Max Depth = 56<LI>Call Chain = attc_prep_wr_rsp_handler &rArr; gattc_send_complete_evt &rArr; gattc_update_state
</UL>
<BR>[Calls]<UL><LI><a href="#[1ec]">&gt;&gt;</a>&nbsp;&nbsp;&nbsp;memcmp (via Veneer)
<LI><a href="#[1e2]">&gt;&gt;</a>&nbsp;&nbsp;&nbsp;gattc_send_complete_evt
<LI><a href="#[1e8]">&gt;&gt;</a>&nbsp;&nbsp;&nbsp;gattc_reschedule_operation
<LI><a href="#[1e6]">&gt;&gt;</a>&nbsp;&nbsp;&nbsp;gattc_get_operation_ptr
<LI><a href="#[1e5]">&gt;&gt;</a>&nbsp;&nbsp;&nbsp;gattc_get_operation
</UL>
<BR>[Address Reference Count : 1]<UL><LI> attc.o(.constdata)
</UL>
<P><STRONG><a name="[11c]"></a>attc_rd_by_grp_type_rsp_handler</STRONG> (Thumb, 242 bytes, Stack size 48 bytes, attc.o(i.attc_rd_by_grp_type_rsp_handler))
<BR><BR>[Stack]<UL><LI>Max Depth = 128<LI>Call Chain = attc_rd_by_grp_type_rsp_handler &rArr; attm_uuid_comp &rArr; attm_convert_to128
</UL>
<BR>[Calls]<UL><LI><a href="#[186]">&gt;&gt;</a>&nbsp;&nbsp;&nbsp;__aeabi_memcpy (via Veneer)
<LI><a href="#[1d1]">&gt;&gt;</a>&nbsp;&nbsp;&nbsp;ke_msg_send (via Veneer)
<LI><a href="#[1d0]">&gt;&gt;</a>&nbsp;&nbsp;&nbsp;ke_msg_alloc (via Veneer)
<LI><a href="#[1e2]">&gt;&gt;</a>&nbsp;&nbsp;&nbsp;gattc_send_complete_evt
<LI><a href="#[1e8]">&gt;&gt;</a>&nbsp;&nbsp;&nbsp;gattc_reschedule_operation
<LI><a href="#[1e7]">&gt;&gt;</a>&nbsp;&nbsp;&nbsp;gattc_get_requester
<LI><a href="#[1e6]">&gt;&gt;</a>&nbsp;&nbsp;&nbsp;gattc_get_operation_ptr
<LI><a href="#[1e5]">&gt;&gt;</a>&nbsp;&nbsp;&nbsp;gattc_get_operation
<LI><a href="#[1ed]">&gt;&gt;</a>&nbsp;&nbsp;&nbsp;attm_uuid_comp
</UL>
<BR>[Address Reference Count : 1]<UL><LI> attc.o(.constdata)
</UL>
<P><STRONG><a name="[11b]"></a>attc_rd_by_type_rsp_handler</STRONG> (Thumb, 616 bytes, Stack size 48 bytes, attc.o(i.attc_rd_by_type_rsp_handler))
<BR><BR>[Stack]<UL><LI>Max Depth = 128<LI>Call Chain = attc_rd_by_type_rsp_handler &rArr; attm_uuid_comp &rArr; attm_convert_to128
</UL>
<BR>[Calls]<UL><LI><a href="#[186]">&gt;&gt;</a>&nbsp;&nbsp;&nbsp;__aeabi_memcpy (via Veneer)
<LI><a href="#[1f0]">&gt;&gt;</a>&nbsp;&nbsp;&nbsp;gattc_get_mtu
<LI><a href="#[1d1]">&gt;&gt;</a>&nbsp;&nbsp;&nbsp;ke_msg_send (via Veneer)
<LI><a href="#[1d0]">&gt;&gt;</a>&nbsp;&nbsp;&nbsp;ke_msg_alloc (via Veneer)
<LI><a href="#[1d7]">&gt;&gt;</a>&nbsp;&nbsp;&nbsp;co_list_push_back (via Veneer)
<LI><a href="#[1ee]">&gt;&gt;</a>&nbsp;&nbsp;&nbsp;l2cc_pdu_alloc
<LI><a href="#[1e2]">&gt;&gt;</a>&nbsp;&nbsp;&nbsp;gattc_send_complete_evt
<LI><a href="#[1e8]">&gt;&gt;</a>&nbsp;&nbsp;&nbsp;gattc_reschedule_operation
<LI><a href="#[1e7]">&gt;&gt;</a>&nbsp;&nbsp;&nbsp;gattc_get_requester
<LI><a href="#[1e6]">&gt;&gt;</a>&nbsp;&nbsp;&nbsp;gattc_get_operation_ptr
<LI><a href="#[1e5]">&gt;&gt;</a>&nbsp;&nbsp;&nbsp;gattc_get_operation
<LI><a href="#[1ed]">&gt;&gt;</a>&nbsp;&nbsp;&nbsp;attm_uuid_comp
<LI><a href="#[1ef]">&gt;&gt;</a>&nbsp;&nbsp;&nbsp;attc_send_att_req
</UL>
<BR>[Address Reference Count : 1]<UL><LI> attc.o(.constdata)
</UL>
<P><STRONG><a name="[11e]"></a>attc_rd_mult_rsp_handler</STRONG> (Thumb, 182 bytes, Stack size 40 bytes, attc.o(i.attc_rd_mult_rsp_handler))
<BR><BR>[Stack]<UL><LI>Max Depth = 80<LI>Call Chain = attc_rd_mult_rsp_handler &rArr; gattc_send_complete_evt &rArr; gattc_update_state
</UL>
<BR>[Calls]<UL><LI><a href="#[186]">&gt;&gt;</a>&nbsp;&nbsp;&nbsp;__aeabi_memcpy (via Veneer)
<LI><a href="#[1d1]">&gt;&gt;</a>&nbsp;&nbsp;&nbsp;ke_msg_send (via Veneer)
<LI><a href="#[1d0]">&gt;&gt;</a>&nbsp;&nbsp;&nbsp;ke_msg_alloc (via Veneer)
<LI><a href="#[1e2]">&gt;&gt;</a>&nbsp;&nbsp;&nbsp;gattc_send_complete_evt
<LI><a href="#[1e7]">&gt;&gt;</a>&nbsp;&nbsp;&nbsp;gattc_get_requester
<LI><a href="#[1e6]">&gt;&gt;</a>&nbsp;&nbsp;&nbsp;gattc_get_operation_ptr
<LI><a href="#[1e5]">&gt;&gt;</a>&nbsp;&nbsp;&nbsp;gattc_get_operation
</UL>
<BR>[Address Reference Count : 1]<UL><LI> attc.o(.constdata)
</UL>
<P><STRONG><a name="[11d]"></a>attc_rd_rsp_handler</STRONG> (Thumb, 256 bytes, Stack size 24 bytes, attc.o(i.attc_rd_rsp_handler))
<BR><BR>[Stack]<UL><LI>Max Depth = 64<LI>Call Chain = attc_rd_rsp_handler &rArr; gattc_send_complete_evt &rArr; gattc_update_state
</UL>
<BR>[Calls]<UL><LI><a href="#[186]">&gt;&gt;</a>&nbsp;&nbsp;&nbsp;__aeabi_memcpy (via Veneer)
<LI><a href="#[1f0]">&gt;&gt;</a>&nbsp;&nbsp;&nbsp;gattc_get_mtu
<LI><a href="#[1d1]">&gt;&gt;</a>&nbsp;&nbsp;&nbsp;ke_msg_send (via Veneer)
<LI><a href="#[1d7]">&gt;&gt;</a>&nbsp;&nbsp;&nbsp;co_list_push_back (via Veneer)
<LI><a href="#[1d5]">&gt;&gt;</a>&nbsp;&nbsp;&nbsp;co_list_pop_front (via Veneer)
<LI><a href="#[1e2]">&gt;&gt;</a>&nbsp;&nbsp;&nbsp;gattc_send_complete_evt
<LI><a href="#[1e8]">&gt;&gt;</a>&nbsp;&nbsp;&nbsp;gattc_reschedule_operation
<LI><a href="#[1e6]">&gt;&gt;</a>&nbsp;&nbsp;&nbsp;gattc_get_operation_ptr
<LI><a href="#[1e5]">&gt;&gt;</a>&nbsp;&nbsp;&nbsp;gattc_get_operation
<LI><a href="#[1f1]">&gt;&gt;</a>&nbsp;&nbsp;&nbsp;attc_send_read_ind
</UL>
<BR>[Address Reference Count : 1]<UL><LI> attc.o(.constdata)
</UL>
<P><STRONG><a name="[11f]"></a>attc_wr_rsp_handler</STRONG> (Thumb, 32 bytes, Stack size 8 bytes, attc.o(i.attc_wr_rsp_handler))
<BR><BR>[Stack]<UL><LI>Max Depth = 48<LI>Call Chain = attc_wr_rsp_handler &rArr; gattc_send_complete_evt &rArr; gattc_update_state
</UL>
<BR>[Calls]<UL><LI><a href="#[1e2]">&gt;&gt;</a>&nbsp;&nbsp;&nbsp;gattc_send_complete_evt
<LI><a href="#[1e5]">&gt;&gt;</a>&nbsp;&nbsp;&nbsp;gattc_get_operation
</UL>
<BR>[Address Reference Count : 1]<UL><LI> attc.o(.constdata)
</UL>
<P><STRONG><a name="[161]"></a>_fp_digits</STRONG> (Thumb, 334 bytes, Stack size 56 bytes, printfa.o(i._fp_digits), UNUSED)
<BR><BR>[Calls]<UL><LI><a href="#[147]">&gt;&gt;</a>&nbsp;&nbsp;&nbsp;__aeabi_uldivmod
<LI><a href="#[150]">&gt;&gt;</a>&nbsp;&nbsp;&nbsp;__aeabi_dmul
<LI><a href="#[151]">&gt;&gt;</a>&nbsp;&nbsp;&nbsp;__aeabi_ddiv
<LI><a href="#[14a]">&gt;&gt;</a>&nbsp;&nbsp;&nbsp;__aeabi_dadd
<LI><a href="#[152]">&gt;&gt;</a>&nbsp;&nbsp;&nbsp;__aeabi_d2ulz
<LI><a href="#[162]">&gt;&gt;</a>&nbsp;&nbsp;&nbsp;__aeabi_cdrcmple
</UL>
<BR>[Called By]<UL><LI><a href="#[15f]">&gt;&gt;</a>&nbsp;&nbsp;&nbsp;_printf_core
</UL>

<P><STRONG><a name="[15f]"></a>_printf_core</STRONG> (Thumb, 1744 bytes, Stack size 136 bytes, printfa.o(i._printf_core), UNUSED)
<BR><BR>[Calls]<UL><LI><a href="#[147]">&gt;&gt;</a>&nbsp;&nbsp;&nbsp;__aeabi_uldivmod
<LI><a href="#[165]">&gt;&gt;</a>&nbsp;&nbsp;&nbsp;__aeabi_uidivmod
<LI><a href="#[163]">&gt;&gt;</a>&nbsp;&nbsp;&nbsp;_printf_pre_padding
<LI><a href="#[164]">&gt;&gt;</a>&nbsp;&nbsp;&nbsp;_printf_post_padding
<LI><a href="#[161]">&gt;&gt;</a>&nbsp;&nbsp;&nbsp;_fp_digits
</UL>
<BR>[Called By]<UL><LI><a href="#[160]">&gt;&gt;</a>&nbsp;&nbsp;&nbsp;__0vprintf
<LI><a href="#[15e]">&gt;&gt;</a>&nbsp;&nbsp;&nbsp;__0printf
</UL>

<P><STRONG><a name="[164]"></a>_printf_post_padding</STRONG> (Thumb, 36 bytes, Stack size 24 bytes, printfa.o(i._printf_post_padding), UNUSED)
<BR><BR>[Called By]<UL><LI><a href="#[15f]">&gt;&gt;</a>&nbsp;&nbsp;&nbsp;_printf_core
</UL>

<P><STRONG><a name="[163]"></a>_printf_pre_padding</STRONG> (Thumb, 46 bytes, Stack size 24 bytes, printfa.o(i._printf_pre_padding), UNUSED)
<BR><BR>[Called By]<UL><LI><a href="#[15f]">&gt;&gt;</a>&nbsp;&nbsp;&nbsp;_printf_core
</UL>
<P>
<H3>
Undefined Global Symbols
</H3><HR></body></html>
