<html>
<body>
<pre>
<h1>礦ision Build Log</h1>
<h2>Tool Versions:</h2>
IDE-Version: μVision V5.14.0.0
Copyright (C) 2015 ARM Ltd and ARM Germany GmbH. All rights reserved.
License Information: fan Administrator, zor, LIC=585FJ-UWKRS-NNHAF-6R6GR-VBYKY-EREVV
 
Tool Versions:
Toolchain:       MDK-ARM Standard  Version: 5.14.0.0
Toolchain Path:  C:\Keil_v5\ARM\ARMCC\Bin
C Compiler:      Armcc.exe V5.05 update 1 (build 106)
Assembler:       Armasm.exe V5.05 update 1 (build 106)
Linker/Locator:  ArmLink.exe V5.05 update 1 (build 106)
Library Manager: ArmAr.exe V5.05 update 1 (build 106)
Hex Converter:   FromElf.exe V5.05 update 1 (build 106)
CPU DLL:         SARMCM3.DLL V5.14.0.0
Dialog DLL:      DCM.DLL V1.13.1.0
Target DLL:      Segger\JL2CM3.dll V2.99.13.0
Dialog DLL:      TCM.DLL V1.14.4.0
 
<h2>Project:</h2>
D:\琢尔客户\B叔\手环\band-010008\examples\none_evm\ble_band\keil\ble_simple_peripheral.uvproj
Project File Date:  01/06/2024

<h2>Output:</h2>
Build target 'ble_simple_peripheral'
compiling app_adc.c...
linking...
..\..\..\..\components\toolchain\armcc\fr800x.sct(21): warning: L6314W: No section matches pattern *(gui_menu).
..\..\..\..\components\toolchain\armcc\fr800x.sct(37): warning: L6314W: No section matches pattern *(STACK).
Program Size: Code=105964 RO-data=5364 RW-data=5004 ZI-data=8520  
Finished: 0 information, 2 warning and 0 error messages.
After Build - User command #1: fromelf.exe  --text  -c -o Output/ble_simple_peripheral.txt  Objects/ble_simple_peripheral.axf
After Build - User command #2: fromelf.exe  --bin -o Output/ble_simple_peripheral.bin  Objects/ble_simple_peripheral.axf
".\Objects\ble_simple_peripheral.axf" - 0 Error(s), 2 Warning(s).
</pre>
</body>
</html>
